C:/Users/prane/OneDrive/Documents/GitHub/flood-sensor/CylconeBoot_Implementation/FLOODNET-Flood-Sensor-CycloneBOOT-Y-Modem/Oryx/cyclone_boot/core/slot.c:34:8:isSlotsOverlap	0	static
C:/Users/prane/OneDrive/Documents/GitHub/flood-sensor/CylconeBoot_Implementation/FLOODNET-Flood-Sensor-CycloneBOOT-Y-Modem/Oryx/cyclone_boot/core/slot.c:51:8:isSlotInBank2	16	static
C:/Users/prane/OneDrive/Documents/GitHub/flood-sensor/CylconeBoot_Implementation/FLOODNET-Flood-Sensor-CycloneBOOT-Y-Modem/Oryx/cyclone_boot/core/slot.c:99:8:isSlotInExtMem	16	static
C:/Users/prane/OneDrive/Documents/GitHub/flood-sensor/CylconeBoot_Implementation/FLOODNET-Flood-Sensor-CycloneBOOT-Y-Modem/Oryx/cyclone_boot/core/slot.c:141:9:slotRead	8	static
C:/Users/prane/OneDrive/Documents/GitHub/flood-sensor/CylconeBoot_Implementation/FLOODNET-Flood-Sensor-CycloneBOOT-Y-Modem/Oryx/cyclone_boot/core/slot.c:179:9:slotErase	32	static
