C:/Users/prane/OneDrive/Documents/GitHub/flood-sensor/CylconeBoot_Implementation/FLOODNET-Flood-Sensor-CycloneBOOT-Y-Modem/Oryx/cyclone_boot/drivers/flash/internal/stm32wlxx_flash_driver.c:134:9:stm32wlxxFlashDriverGetInfo	0	static
C:/Users/prane/OneDrive/Documents/GitHub/flood-sensor/CylconeBoot_Implementation/FLOODNET-Flood-Sensor-CycloneBOOT-Y-Modem/Oryx/cyclone_boot/drivers/flash/internal/stm32wlxx_flash_driver.c:150:9:stm32wlxxFlashDriverGetStatus	0	static
C:/Users/prane/OneDrive/Documents/GitHub/flood-sensor/CylconeBoot_Implementation/FLOODNET-Flood-Sensor-CycloneBOOT-Y-Modem/Oryx/cyclone_boot/drivers/flash/internal/stm32wlxx_flash_driver.c:267:9:stm32wlxxFlashDriverRead	0	static
C:/Users/prane/OneDrive/Documents/GitHub/flood-sensor/CylconeBoot_Implementation/FLOODNET-Flood-Sensor-CycloneBOOT-Y-Modem/Oryx/cyclone_boot/drivers/flash/internal/stm32wlxx_flash_driver.c:358:9:stm32wlxxFlashDriverGetNextSector	0	static
C:/Users/prane/OneDrive/Documents/GitHub/flood-sensor/CylconeBoot_Implementation/FLOODNET-Flood-Sensor-CycloneBOOT-Y-Modem/Oryx/cyclone_boot/drivers/flash/internal/stm32wlxx_flash_driver.c:113:9:stm32wlxxFlashDriverInit	8	static
C:/Users/prane/OneDrive/Documents/GitHub/flood-sensor/CylconeBoot_Implementation/FLOODNET-Flood-Sensor-CycloneBOOT-Y-Modem/Oryx/cyclone_boot/drivers/flash/internal/stm32wlxx_flash_driver.c:436:9:stm32wlxxFlashDriverEraseSector	32	static
C:/Users/prane/OneDrive/Documents/GitHub/flood-sensor/CylconeBoot_Implementation/FLOODNET-Flood-Sensor-CycloneBOOT-Y-Modem/Oryx/cyclone_boot/drivers/flash/internal/stm32wlxx_flash_driver.c:581:7:stm32wlxxFlashGetSector	0	static
C:/Users/prane/OneDrive/Documents/GitHub/flood-sensor/CylconeBoot_Implementation/FLOODNET-Flood-Sensor-CycloneBOOT-Y-Modem/Oryx/cyclone_boot/drivers/flash/internal/stm32wlxx_flash_driver.c:300:9:stm32wlxxFlashDriverErase	24	static
C:/Users/prane/OneDrive/Documents/GitHub/flood-sensor/CylconeBoot_Implementation/FLOODNET-Flood-Sensor-CycloneBOOT-Y-Modem/Oryx/cyclone_boot/drivers/flash/internal/stm32wlxx_flash_driver.c:409:8:stm32wlxxFlashDriverIsSectorAddr	8	static
C:/Users/prane/OneDrive/Documents/GitHub/flood-sensor/CylconeBoot_Implementation/FLOODNET-Flood-Sensor-CycloneBOOT-Y-Modem/Oryx/cyclone_boot/drivers/flash/internal/stm32wlxx_flash_driver.c:504:9:stm32wlxxFlashDriverWriteWord	32	static
C:/Users/prane/OneDrive/Documents/GitHub/flood-sensor/CylconeBoot_Implementation/FLOODNET-Flood-Sensor-CycloneBOOT-Y-Modem/Oryx/cyclone_boot/drivers/flash/internal/stm32wlxx_flash_driver.c:197:9:stm32wlxxFlashDriverWrite	40	static
