C:/Users/prane/OneDrive/Documents/GitHub/flood-sensor/CylconeBoot_Implementation/FLOODNET-Flood-Sensor-CycloneBOOT-Y-Modem/Oryx/cyclone_boot/drivers/mcu/arm/stm32wlxx_mcu_driver.c:32:10:mcuGetVtorOffset	0	static
C:/Users/prane/OneDrive/Documents/GitHub/flood-sensor/CylconeBoot_Implementation/FLOODNET-Flood-Sensor-CycloneBOOT-Y-Modem/Oryx/cyclone_boot/drivers/mcu/arm/stm32wlxx_mcu_driver.c:42:6:mcuSystemReset	0	static,ignoring_inline_asm
C:/Users/prane/OneDrive/Documents/GitHub/flood-sensor/CylconeBoot_Implementation/FLOODNET-Flood-Sensor-CycloneBOOT-Y-Modem/Oryx/cyclone_boot/drivers/mcu/arm/stm32wlxx_mcu_driver.c:125:39:mcuBootAppImageAsm	0	static,ignoring_inline_asm
C:/Users/prane/OneDrive/Documents/GitHub/flood-sensor/CylconeBoot_Implementation/FLOODNET-Flood-Sensor-CycloneBOOT-Y-Modem/Oryx/cyclone_boot/drivers/mcu/arm/stm32wlxx_mcu_driver.c:53:6:mcuJumpToApplication	8	static,ignoring_inline_asm
