C:/Users/prane/OneDrive/Documents/GitHub/flood-sensor/CylconeBoot_Implementation/FLOODNET-Flood-Sensor-CycloneBOOT-Y-Modem/Oryx/cyclone_boot/drivers/flash/external/w25q80dv_flash_driver.c:111:9:w25q80dvFlashDriverGetInfo	0	static
C:/Users/prane/OneDrive/Documents/GitHub/flood-sensor/CylconeBoot_Implementation/FLOODNET-Flood-Sensor-CycloneBOOT-Y-Modem/Oryx/cyclone_boot/drivers/flash/external/w25q80dv_flash_driver.c:305:8:w25q80dvFlashDriverIsSectorAddr	0	static
C:/Users/prane/OneDrive/Documents/GitHub/flood-sensor/CylconeBoot_Implementation/FLOODNET-Flood-Sensor-CycloneBOOT-Y-Modem/Oryx/cyclone_boot/drivers/flash/external/w25q80dv_flash_driver.c:86:9:w25q80dvFlashDriverInit	8	static
C:/Users/prane/OneDrive/Documents/GitHub/flood-sensor/CylconeBoot_Implementation/FLOODNET-Flood-Sensor-CycloneBOOT-Y-Modem/Oryx/cyclone_boot/drivers/flash/external/w25q80dv_flash_driver.c:127:9:w25q80dvFlashDriverGetStatus	8	static
C:/Users/prane/OneDrive/Documents/GitHub/flood-sensor/CylconeBoot_Implementation/FLOODNET-Flood-Sensor-CycloneBOOT-Y-Modem/Oryx/cyclone_boot/drivers/flash/external/w25q80dv_flash_driver.c:261:9:w25q80dvFlashDriverErase	16	static
C:/Users/prane/OneDrive/Documents/GitHub/flood-sensor/CylconeBoot_Implementation/FLOODNET-Flood-Sensor-CycloneBOOT-Y-Modem/Oryx/cyclone_boot/drivers/flash/external/w25q80dv_flash_driver.c:164:9:w25q80dvFlashDriverWrite	40	static
C:/Users/prane/OneDrive/Documents/GitHub/flood-sensor/CylconeBoot_Implementation/FLOODNET-Flood-Sensor-CycloneBOOT-Y-Modem/Oryx/cyclone_boot/drivers/flash/external/w25q80dv_flash_driver.c:230:9:w25q80dvFlashDriverRead	8	static
