C:/Users/prane/OneDrive/Documents/GitHub/flood-sensor/CylconeBoot_Implementation/FLOODNET-Flood-Sensor-CycloneBOOT-Y-Modem/Oryx/cyclone_crypto/pkc/rsa.c:93:6:rsaInitPublicKey	16	static
C:/Users/prane/OneDrive/Documents/GitHub/flood-sensor/CylconeBoot_Implementation/FLOODNET-Flood-Sensor-CycloneBOOT-Y-Modem/Oryx/cyclone_crypto/pkc/rsa.c:106:6:rsaFreePublicKey	16	static
C:/Users/prane/OneDrive/Documents/GitHub/flood-sensor/CylconeBoot_Implementation/FLOODNET-Flood-Sensor-CycloneBOOT-Y-Modem/Oryx/cyclone_crypto/pkc/rsa.c:119:6:rsaInitPrivateKey	16	static
C:/Users/prane/OneDrive/Documents/GitHub/flood-sensor/CylconeBoot_Implementation/FLOODNET-Flood-Sensor-CycloneBOOT-Y-Modem/Oryx/cyclone_crypto/pkc/rsa.c:141:6:rsaFreePrivateKey	16	static
C:/Users/prane/OneDrive/Documents/GitHub/flood-sensor/CylconeBoot_Implementation/FLOODNET-Flood-Sensor-CycloneBOOT-Y-Modem/Oryx/cyclone_crypto/pkc/rsa.c:167:9:rsaesPkcs1v15Encrypt	72	static
C:/Users/prane/OneDrive/Documents/GitHub/flood-sensor/CylconeBoot_Implementation/FLOODNET-Flood-Sensor-CycloneBOOT-Y-Modem/Oryx/cyclone_crypto/pkc/rsa.c:265:9:rsaesPkcs1v15Decrypt	88	static
C:/Users/prane/OneDrive/Documents/GitHub/flood-sensor/CylconeBoot_Implementation/FLOODNET-Flood-Sensor-CycloneBOOT-Y-Modem/Oryx/cyclone_crypto/pkc/rsa.c:414:9:rsaesOaepEncrypt	80	static
C:/Users/prane/OneDrive/Documents/GitHub/flood-sensor/CylconeBoot_Implementation/FLOODNET-Flood-Sensor-CycloneBOOT-Y-Modem/Oryx/cyclone_crypto/pkc/rsa.c:520:9:rsaesOaepDecrypt	96	static
C:/Users/prane/OneDrive/Documents/GitHub/flood-sensor/CylconeBoot_Implementation/FLOODNET-Flood-Sensor-CycloneBOOT-Y-Modem/Oryx/cyclone_crypto/pkc/rsa.c:669:9:rsassaPkcs1v15Sign	96	static
C:/Users/prane/OneDrive/Documents/GitHub/flood-sensor/CylconeBoot_Implementation/FLOODNET-Flood-Sensor-CycloneBOOT-Y-Modem/Oryx/cyclone_crypto/pkc/rsa.c:802:9:rsassaPkcs1v15Verify	64	static
C:/Users/prane/OneDrive/Documents/GitHub/flood-sensor/CylconeBoot_Implementation/FLOODNET-Flood-Sensor-CycloneBOOT-Y-Modem/Oryx/cyclone_crypto/pkc/rsa.c:911:9:rsassaPssSign	80	static
C:/Users/prane/OneDrive/Documents/GitHub/flood-sensor/CylconeBoot_Implementation/FLOODNET-Flood-Sensor-CycloneBOOT-Y-Modem/Oryx/cyclone_crypto/pkc/rsa.c:1031:9:rsassaPssVerify	72	static
C:/Users/prane/OneDrive/Documents/GitHub/flood-sensor/CylconeBoot_Implementation/FLOODNET-Flood-Sensor-CycloneBOOT-Y-Modem/Oryx/cyclone_crypto/pkc/rsa.c:1145:21:rsaep	24	static
C:/Users/prane/OneDrive/Documents/GitHub/flood-sensor/CylconeBoot_Implementation/FLOODNET-Flood-Sensor-CycloneBOOT-Y-Modem/Oryx/cyclone_crypto/pkc/rsa.c:1172:21:rsadp	64	static
C:/Users/prane/OneDrive/Documents/GitHub/flood-sensor/CylconeBoot_Implementation/FLOODNET-Flood-Sensor-CycloneBOOT-Y-Modem/Oryx/cyclone_crypto/pkc/rsa.c:1240:9:rsasp1	24	static
C:/Users/prane/OneDrive/Documents/GitHub/flood-sensor/CylconeBoot_Implementation/FLOODNET-Flood-Sensor-CycloneBOOT-Y-Modem/Oryx/cyclone_crypto/pkc/rsa.c:1261:9:rsavp1	24	static
C:/Users/prane/OneDrive/Documents/GitHub/flood-sensor/CylconeBoot_Implementation/FLOODNET-Flood-Sensor-CycloneBOOT-Y-Modem/Oryx/cyclone_crypto/pkc/rsa.c:1281:9:emePkcs1v15Encode	48	static
C:/Users/prane/OneDrive/Documents/GitHub/flood-sensor/CylconeBoot_Implementation/FLOODNET-Flood-Sensor-CycloneBOOT-Y-Modem/Oryx/cyclone_crypto/pkc/rsa.c:1349:10:emePkcs1v15Decode	40	static
C:/Users/prane/OneDrive/Documents/GitHub/flood-sensor/CylconeBoot_Implementation/FLOODNET-Flood-Sensor-CycloneBOOT-Y-Modem/Oryx/cyclone_crypto/pkc/rsa.c:1403:9:emeOaepEncode	64	static
C:/Users/prane/OneDrive/Documents/GitHub/flood-sensor/CylconeBoot_Implementation/FLOODNET-Flood-Sensor-CycloneBOOT-Y-Modem/Oryx/cyclone_crypto/pkc/rsa.c:1483:10:emeOaepDecode	136	static
C:/Users/prane/OneDrive/Documents/GitHub/flood-sensor/CylconeBoot_Implementation/FLOODNET-Flood-Sensor-CycloneBOOT-Y-Modem/Oryx/cyclone_crypto/pkc/rsa.c:1577:9:emsaPkcs1v15Encode	32	static
C:/Users/prane/OneDrive/Documents/GitHub/flood-sensor/CylconeBoot_Implementation/FLOODNET-Flood-Sensor-CycloneBOOT-Y-Modem/Oryx/cyclone_crypto/pkc/rsa.c:1641:9:emsaPkcs1v15Verify	40	static
C:/Users/prane/OneDrive/Documents/GitHub/flood-sensor/CylconeBoot_Implementation/FLOODNET-Flood-Sensor-CycloneBOOT-Y-Modem/Oryx/cyclone_crypto/pkc/rsa.c:1717:9:emsaPssEncode	120	static
C:/Users/prane/OneDrive/Documents/GitHub/flood-sensor/CylconeBoot_Implementation/FLOODNET-Flood-Sensor-CycloneBOOT-Y-Modem/Oryx/cyclone_crypto/pkc/rsa.c:1799:9:emsaPssVerify	72	static
C:/Users/prane/OneDrive/Documents/GitHub/flood-sensor/CylconeBoot_Implementation/FLOODNET-Flood-Sensor-CycloneBOOT-Y-Modem/Oryx/cyclone_crypto/pkc/rsa.c:1896:6:mgf1	40	static
C:/Users/prane/OneDrive/Documents/GitHub/flood-sensor/CylconeBoot_Implementation/FLOODNET-Flood-Sensor-CycloneBOOT-Y-Modem/Oryx/cyclone_crypto/pkc/rsa.c:1943:9:rsaGenerateKeyPair	40	static
C:/Users/prane/OneDrive/Documents/GitHub/flood-sensor/CylconeBoot_Implementation/FLOODNET-Flood-Sensor-CycloneBOOT-Y-Modem/Oryx/cyclone_crypto/pkc/rsa.c:1973:21:rsaGeneratePrivateKey	64	static
C:/Users/prane/OneDrive/Documents/GitHub/flood-sensor/CylconeBoot_Implementation/FLOODNET-Flood-Sensor-CycloneBOOT-Y-Modem/Oryx/cyclone_crypto/pkc/rsa.c:2134:9:rsaGeneratePublicKey	24	static
