C:/Users/prane/OneDrive/Documents/GitHub/flood-sensor/CylconeBoot_Implementation/FLOODNET-Flood-Sensor-CycloneBOOT-Y-Modem/Oryx/cyclone_crypto/cipher/aes.c:191:21:aesInit	28	static
C:/Users/prane/OneDrive/Documents/GitHub/flood-sensor/CylconeBoot_Implementation/FLOODNET-Flood-Sensor-CycloneBOOT-Y-Modem/Oryx/cyclone_crypto/cipher/aes.c:300:18:aesEncryptBlock	56	static
C:/Users/prane/OneDrive/Documents/GitHub/flood-sensor/CylconeBoot_Implementation/FLOODNET-Flood-Sensor-CycloneBOOT-Y-Modem/Oryx/cyclone_crypto/cipher/aes.c:411:18:aesDecryptBlock	48	static
C:/Users/prane/OneDrive/Documents/GitHub/flood-sensor/CylconeBoot_Implementation/FLOODNET-Flood-Sensor-CycloneBOOT-Y-Modem/Oryx/cyclone_crypto/cipher/aes.c:520:18:aesDeinit	8	static
