C:/Users/adino/Downloads/2023_06_23_P_LOGIC_CycloneBOOT_Implementation/FLOODNET-Flood-Sensor-CycloneBOOT-Y-Modem/Oryx/common/path.c:31:8:pathIsAbsolute	16	static
C:/Users/adino/Downloads/2023_06_23_P_LOGIC_CycloneBOOT_Implementation/FLOODNET-Flood-Sensor-CycloneBOOT-Y-Modem/Oryx/common/path.c:47:8:pathIsRelative	16	static
C:/Users/adino/Downloads/2023_06_23_P_LOGIC_CycloneBOOT_Implementation/FLOODNET-Flood-Sensor-CycloneBOOT-Y-Modem/Oryx/common/path.c:63:15:pathGetFilename	24	static
C:/Users/adino/Downloads/2023_06_23_P_LOGIC_CycloneBOOT_Implementation/FLOODNET-Flood-Sensor-CycloneBOOT-Y-Modem/Oryx/common/path.c:102:6:pathRemoveFilename	24	static
C:/Users/adino/Downloads/2023_06_23_P_LOGIC_CycloneBOOT_Implementation/FLOODNET-Flood-Sensor-CycloneBOOT-Y-Modem/Oryx/common/path.c:119:6:pathCopy	32	static
C:/Users/adino/Downloads/2023_06_23_P_LOGIC_CycloneBOOT_Implementation/FLOODNET-Flood-Sensor-CycloneBOOT-Y-Modem/Oryx/common/path.c:140:6:pathCanonicalize	32	static
C:/Users/adino/Downloads/2023_06_23_P_LOGIC_CycloneBOOT_Implementation/FLOODNET-Flood-Sensor-CycloneBOOT-Y-Modem/Oryx/common/path.c:302:6:pathAddSlash	24	static
C:/Users/adino/Downloads/2023_06_23_P_LOGIC_CycloneBOOT_Implementation/FLOODNET-Flood-Sensor-CycloneBOOT-Y-Modem/Oryx/common/path.c:330:6:pathRemoveSlash	24	static
C:/Users/adino/Downloads/2023_06_23_P_LOGIC_CycloneBOOT_Implementation/FLOODNET-Flood-Sensor-CycloneBOOT-Y-Modem/Oryx/common/path.c:360:6:pathCombine	32	static
C:/Users/adino/Downloads/2023_06_23_P_LOGIC_CycloneBOOT_Implementation/FLOODNET-Flood-Sensor-CycloneBOOT-Y-Modem/Oryx/common/path.c:398:8:pathMatch	32	static
