../FloodnetDriver/ExtFlash.c:74:6:Flash__SpiWrite	16	static
../FloodnetDriver/ExtFlash.c:84:15:Flash__SpiRead	16	static
../FloodnetDriver/ExtFlash.c:96:6:Flash__WriteEnable	8	static
../FloodnetDriver/ExtFlash.c:117:6:Flash__GetJEDEC_ID	24	static
../FloodnetDriver/ExtFlash.c:48:6:Flash__Init	16	static
../FloodnetDriver/ExtFlash.c:140:9:Flash__ReadDeviceStatus1	8	static
../FloodnetDriver/ExtFlash.c:160:9:Flash__ReadDeviceStatus2	8	static
../FloodnetDriver/ExtFlash.c:180:10:Flash__ReadDeviceStatus	8	static
../FloodnetDriver/ExtFlash.c:196:9:Flash__ReadByte	8	static
../FloodnetDriver/ExtFlash.c:231:6:Flash__ReadBuffer	16	static
../FloodnetDriver/ExtFlash.c:266:6:flashWaitWhileBusy	8	static
../FloodnetDriver/ExtFlash.c:292:6:Flash__PageProgram	16	static
../FloodnetDriver/ExtFlash.c:338:6:Flash__SectorErase4k	8	static
../FloodnetDriver/ExtFlash.c:371:6:Flash__BlockErase32k	8	static
../FloodnetDriver/ExtFlash.c:404:6:Flash__BlockErase64k	8	static
../FloodnetDriver/ExtFlash.c:436:6:Flash__ChipErase	8	static
../FloodnetDriver/ExtFlash.c:459:6:Flash__PowerDown	8	static
../FloodnetDriver/ExtFlash.c:473:6:Flash__WakeUp	8	static
