C:/Users/adino/OneDrive/Documents/GitHub/flood-sensor/Floodnet/Drivers/STM32WLxx_HAL_Driver/Inc/stm32wlxx_ll_bus.h:449:22:LL_AHB2_GRP1_EnableClock	24	static
../Core/Src/main.c:87:5:main	88	static
../Core/Src/main.c:180:6:SystemClock_Config	112	static
../Core/Src/main.c:225:13:MX_ADC_Init	8	static
../Core/Src/main.c:272:13:MX_I2C2_Init	8	static
../Core/Src/main.c:320:13:MX_LPUART1_UART_Init	8	static
../Core/Src/main.c:368:13:MX_USART2_UART_Init	8	static
../Core/Src/main.c:416:13:MX_SPI2_Init	8	static
../Core/Src/main.c:456:13:MX_GPIO_Init	32	static
../Core/Src/main.c:505:6:rTosDelay	16	static
../Core/Src/main.c:511:20:Get_AdcHandle	4	static
../Core/Src/main.c:517:21:Get_DebugHandle	4	static
../Core/Src/main.c:522:21:Get_SonarHandle	4	static
../Core/Src/main.c:529:22:Get_SpiHandle	4	static
../Core/Src/main.c:534:22:Get_I2cHandle	4	static
../Core/Src/main.c:539:14:Get_TerminalQueueHandle	4	static
../Core/Src/main.c:544:12:Get_UartMutexHandle	4	static
../Core/Src/main.c:549:12:Get_SpiMutexHandle	4	static
../Core/Src/main.c:554:12:Get_I2cMutexHandle	4	static
../Core/Src/main.c:573:6:HAL_TIM_PeriodElapsedCallback	16	static
../Core/Src/main.c:590:6:Error_Handler	4	static,ignoring_inline_asm
