C:/Users/adino/OneDrive/Documents/GitHub/flood-sensor/Floodnet/Drivers/STM32WLxx_HAL_Driver/Inc/stm32wlxx_ll_bus.h:449:22:LL_AHB2_GRP1_EnableClock	24	static
../Core/Src/main.c:86:5:main	88	static
../Core/Src/main.c:178:6:SystemClock_Config	112	static
../Core/Src/main.c:223:13:MX_ADC_Init	8	static
../Core/Src/main.c:270:13:MX_I2C2_Init	8	static
../Core/Src/main.c:318:13:MX_LPUART1_UART_Init	8	static
../Core/Src/main.c:366:13:MX_USART2_UART_Init	8	static
../Core/Src/main.c:414:13:MX_SPI2_Init	8	static
../Core/Src/main.c:454:13:MX_GPIO_Init	32	static
../Core/Src/main.c:503:6:rTosDelay	16	static
../Core/Src/main.c:509:20:Get_AdcHandle	4	static
../Core/Src/main.c:515:21:Get_DebugHandle	4	static
../Core/Src/main.c:520:21:Get_SonarHandle	4	static
../Core/Src/main.c:527:22:Get_SpiHandle	4	static
../Core/Src/main.c:532:22:Get_I2cHandle	4	static
../Core/Src/main.c:537:14:Get_TerminalQueueHandle	4	static
../Core/Src/main.c:542:12:Get_UartMutexHandle	4	static
../Core/Src/main.c:547:12:Get_SpiMutexHandle	4	static
../Core/Src/main.c:552:12:Get_I2cMutexHandle	4	static
../Core/Src/main.c:571:6:HAL_TIM_PeriodElapsedCallback	16	static
../Core/Src/main.c:588:6:Error_Handler	4	static,ignoring_inline_asm
