C:/Users/adino/OneDrive/Documents/GitHub/flood-sensor/Floodnet/Drivers/STM32WLxx_HAL_Driver/Inc/stm32wlxx_ll_bus.h:449:22:LL_AHB2_GRP1_EnableClock	24	static
C:/Users/adino/OneDrive/Documents/GitHub/flood-sensor/Floodnet/Drivers/STM32WLxx_HAL_Driver/Inc/stm32wlxx_ll_bus.h:914:22:LL_APB1_GRP1_EnableClock	24	static
C:/Users/adino/OneDrive/Documents/GitHub/flood-sensor/Floodnet/Drivers/STM32WLxx_HAL_Driver/Inc/stm32wlxx_ll_bus.h:935:22:LL_APB1_GRP2_EnableClock	24	static
C:/Users/adino/OneDrive/Documents/GitHub/flood-sensor/Floodnet/Drivers/STM32WLxx_HAL_Driver/Inc/stm32wlxx_ll_bus.h:1018:22:LL_APB1_GRP1_DisableClock	16	static
C:/Users/adino/OneDrive/Documents/GitHub/flood-sensor/Floodnet/Drivers/STM32WLxx_HAL_Driver/Inc/stm32wlxx_ll_bus.h:1034:22:LL_APB1_GRP2_DisableClock	16	static
C:/Users/adino/OneDrive/Documents/GitHub/flood-sensor/Floodnet/Drivers/STM32WLxx_HAL_Driver/Inc/stm32wlxx_ll_bus.h:1303:22:LL_APB2_GRP1_EnableClock	24	static
C:/Users/adino/OneDrive/Documents/GitHub/flood-sensor/Floodnet/Drivers/STM32WLxx_HAL_Driver/Inc/stm32wlxx_ll_bus.h:1351:22:LL_APB2_GRP1_DisableClock	16	static
../Core/Src/stm32wlxx_hal_msp.c:63:6:HAL_MspInit	8	static
../Core/Src/stm32wlxx_hal_msp.c:84:6:HAL_ADC_MspInit	40	static
../Core/Src/stm32wlxx_hal_msp.c:117:6:HAL_ADC_MspDeInit	16	static
../Core/Src/stm32wlxx_hal_msp.c:145:6:HAL_I2C_MspInit	96	static
../Core/Src/stm32wlxx_hal_msp.c:199:6:HAL_I2C_MspDeInit	16	static
../Core/Src/stm32wlxx_hal_msp.c:230:6:HAL_UART_MspInit	96	static
../Core/Src/stm32wlxx_hal_msp.c:313:6:HAL_UART_MspDeInit	16	static
../Core/Src/stm32wlxx_hal_msp.c:361:6:HAL_SPI_MspInit	96	static
../Core/Src/stm32wlxx_hal_msp.c:417:6:HAL_SPI_MspDeInit	16	static
