../FloodnetDriver/ExtFlash.c:84:6:Flash__SpiWrite	16	static
../FloodnetDriver/ExtFlash.c:94:15:Flash__SpiRead	16	static
../FloodnetDriver/ExtFlash.c:106:6:Flash__WriteEnable	8	static
../FloodnetDriver/ExtFlash.c:127:6:Flash__GetJEDEC_ID	24	static
../FloodnetDriver/ExtFlash.c:58:6:Flash__Init	16	static
../FloodnetDriver/ExtFlash.c:150:9:Flash__ReadDeviceStatus1	8	static
../FloodnetDriver/ExtFlash.c:170:9:Flash__ReadDeviceStatus2	8	static
../FloodnetDriver/ExtFlash.c:190:10:Flash__ReadDeviceStatus	8	static
../FloodnetDriver/ExtFlash.c:206:9:Flash__ReadByte	8	static
../FloodnetDriver/ExtFlash.c:241:6:Flash__ReadBuffer	16	static
../FloodnetDriver/ExtFlash.c:276:6:flashWaitWhileBusy	8	static
../FloodnetDriver/ExtFlash.c:302:6:Flash__PageProgram	16	static
../FloodnetDriver/ExtFlash.c:348:6:Flash__SectorErase4k	8	static
../FloodnetDriver/ExtFlash.c:381:6:Flash__BlockErase32k	8	static
../FloodnetDriver/ExtFlash.c:414:6:Flash__BlockErase64k	8	static
../FloodnetDriver/ExtFlash.c:446:6:Flash__ChipErase	8	static
../FloodnetDriver/ExtFlash.c:469:6:Flash__PowerDown	8	static
../FloodnetDriver/ExtFlash.c:483:6:Flash__WakeUp	8	static
