../FloodnetDriver/Spi.c:10:6:Spi1_AssertCs	8	static
../FloodnetDriver/Spi.c:16:6:Spi1_DeassertCs	8	static
../FloodnetDriver/Spi.c:22:6:Spi1_Transmit	16	static
../FloodnetDriver/Spi.c:33:6:Spi1_Receive	16	static
../FloodnetDriver/Spi.c:44:6:Spi1_TransmitReceive	24	static
../FloodnetDriver/Spi.c:55:6:SPI_WriteByte	16	static
../FloodnetDriver/Spi.c:72:6:SPI_WriteByte_OneByteAddr	16	static
../FloodnetDriver/Spi.c:93:9:SPI_ReadByte	16	static
../FloodnetDriver/Spi.c:112:9:SPI_ReadByte_OneByteAddr	24	static
../FloodnetDriver/Spi.c:131:6:SPI_WriteArray	8	static
../FloodnetDriver/Spi.c:146:6:SPI_ReadArray	8	static
../FloodnetDriver/Spi.c:161:6:Error_Spi	0	static
