../Drivers/CMSIS/Include/core_cm4.h:1933:34:__NVIC_SystemReset	4	static,ignoring_inline_asm
../LoRaWAN/App/lora_app.c:296:6:LoRaWAN_Init	32	static
../LoRaWAN/App/lora_app.c:409:13:OnRxData	16	static
../LoRaWAN/App/lora_app.c:415:13:SendTxData	48	static,ignoring_inline_asm
../LoRaWAN/App/lora_app.c:459:13:OnTxTimerEvent	16	static
../LoRaWAN/App/lora_app.c:478:13:OnTxData	32	static
../LoRaWAN/App/lora_app.c:505:13:OnJoinRequest	16	static
../LoRaWAN/App/lora_app.c:535:13:OnBeaconStatusChange	16	static
../LoRaWAN/App/lora_app.c:541:13:OnClassChange	16	static
../LoRaWAN/App/lora_app.c:547:13:OnMacProcessNotify	8	static
../LoRaWAN/App/lora_app.c:559:13:OnTxPeriodicityChanged	16	static
../LoRaWAN/App/lora_app.c:581:13:OnTxFrameCtrlChanged	16	static
../LoRaWAN/App/lora_app.c:592:13:OnPingSlotPeriodicityChanged	16	static
../LoRaWAN/App/lora_app.c:603:13:OnSystemReset	8	static
../LoRaWAN/App/lora_app.c:617:13:StopJoin	8	static
../LoRaWAN/App/lora_app.c:652:13:OnStopJoinTimerEvent	16	static
../LoRaWAN/App/lora_app.c:666:13:StoreContext	16	static
../LoRaWAN/App/lora_app.c:688:13:OnNvmDataChange	16	static
../LoRaWAN/App/lora_app.c:706:13:OnStoreContextRequest	16	static
../LoRaWAN/App/lora_app.c:725:13:OnRestoreContextRequest	16	static
