C:/Users/adino/Downloads/2023_06_23_P_LOGIC_CycloneBOOT_Implementation/FLOODNET-Flood-Sensor-CycloneBOOT-Y-Modem/Oryx/cyclone_crypto/pkc/dh.c:42:6:dhInit	16	static
C:/Users/adino/Downloads/2023_06_23_P_LOGIC_CycloneBOOT_Implementation/FLOODNET-Flood-Sensor-CycloneBOOT-Y-Modem/Oryx/cyclone_crypto/pkc/dh.c:59:6:dhFree	16	static
C:/Users/adino/Downloads/2023_06_23_P_LOGIC_CycloneBOOT_Implementation/FLOODNET-Flood-Sensor-CycloneBOOT-Y-Modem/Oryx/cyclone_crypto/pkc/dh.c:76:6:dhInitParameters	16	static
C:/Users/adino/Downloads/2023_06_23_P_LOGIC_CycloneBOOT_Implementation/FLOODNET-Flood-Sensor-CycloneBOOT-Y-Modem/Oryx/cyclone_crypto/pkc/dh.c:90:6:dhFreeParameters	16	static
C:/Users/adino/Downloads/2023_06_23_P_LOGIC_CycloneBOOT_Implementation/FLOODNET-Flood-Sensor-CycloneBOOT-Y-Modem/Oryx/cyclone_crypto/pkc/dh.c:107:9:dhGenerateKeyPair	32	static
C:/Users/adino/Downloads/2023_06_23_P_LOGIC_CycloneBOOT_Implementation/FLOODNET-Flood-Sensor-CycloneBOOT-Y-Modem/Oryx/cyclone_crypto/pkc/dh.c:171:9:dhCheckPublicKey	32	static
C:/Users/adino/Downloads/2023_06_23_P_LOGIC_CycloneBOOT_Implementation/FLOODNET-Flood-Sensor-CycloneBOOT-Y-Modem/Oryx/cyclone_crypto/pkc/dh.c:211:9:dhComputeSharedSecret	48	static
