C:/Users/adino/Downloads/2023_06_23_P_LOGIC_CycloneBOOT_Implementation/FLOODNET-Flood-Sensor-CycloneBOOT-Y-Modem/Oryx/cyclone_crypto/pkix/pkcs8_key_parse.c:42:9:pkcs8ParsePrivateKeyInfo	64	static
C:/Users/adino/Downloads/2023_06_23_P_LOGIC_CycloneBOOT_Implementation/FLOODNET-Flood-Sensor-CycloneBOOT-Y-Modem/Oryx/cyclone_crypto/pkix/pkcs8_key_parse.c:171:9:pkcs8ParsePrivateKeyAlgo	56	static
C:/Users/adino/Downloads/2023_06_23_P_LOGIC_CycloneBOOT_Implementation/FLOODNET-Flood-Sensor-CycloneBOOT-Y-Modem/Oryx/cyclone_crypto/pkix/pkcs8_key_parse.c:282:9:pkcs8ParseRsaPrivateKey	56	static
C:/Users/adino/Downloads/2023_06_23_P_LOGIC_CycloneBOOT_Implementation/FLOODNET-Flood-Sensor-CycloneBOOT-Y-Modem/Oryx/cyclone_crypto/pkix/pkcs8_key_parse.c:478:9:pkcs8ParseDsaPrivateKey	56	static
C:/Users/adino/Downloads/2023_06_23_P_LOGIC_CycloneBOOT_Implementation/FLOODNET-Flood-Sensor-CycloneBOOT-Y-Modem/Oryx/cyclone_crypto/pkix/pkcs8_key_parse.c:619:9:pkcs8ParseEcPrivateKey	56	static
C:/Users/adino/Downloads/2023_06_23_P_LOGIC_CycloneBOOT_Implementation/FLOODNET-Flood-Sensor-CycloneBOOT-Y-Modem/Oryx/cyclone_crypto/pkix/pkcs8_key_parse.c:700:9:pkcs8ParseEddsaPrivateKey	56	static
C:/Users/adino/Downloads/2023_06_23_P_LOGIC_CycloneBOOT_Implementation/FLOODNET-Flood-Sensor-CycloneBOOT-Y-Modem/Oryx/cyclone_crypto/pkix/pkcs8_key_parse.c:728:9:pkcs8ImportRsaPrivateKey	32	static
C:/Users/adino/Downloads/2023_06_23_P_LOGIC_CycloneBOOT_Implementation/FLOODNET-Flood-Sensor-CycloneBOOT-Y-Modem/Oryx/cyclone_crypto/pkix/pkcs8_key_parse.c:864:9:pkcs8ImportDsaPrivateKey	24	static
C:/Users/adino/Downloads/2023_06_23_P_LOGIC_CycloneBOOT_Implementation/FLOODNET-Flood-Sensor-CycloneBOOT-Y-Modem/Oryx/cyclone_crypto/pkix/pkcs8_key_parse.c:949:9:pkcs8ImportEcPrivateKey	24	static
C:/Users/adino/Downloads/2023_06_23_P_LOGIC_CycloneBOOT_Implementation/FLOODNET-Flood-Sensor-CycloneBOOT-Y-Modem/Oryx/cyclone_crypto/pkix/pkcs8_key_parse.c:1000:9:pkcs8ImportEddsaPrivateKey	24	static
