C:/Users/adino/Downloads/2023_06_23_P_LOGIC_CycloneBOOT_Implementation/FLOODNET-Flood-Sensor-CycloneBOOT-Y-Modem/Oryx/cyclone_crypto/pkix/x509_cert_parse.c:43:9:x509ParseCertificate	24	static
C:/Users/adino/Downloads/2023_06_23_P_LOGIC_CycloneBOOT_Implementation/FLOODNET-Flood-Sensor-CycloneBOOT-Y-Modem/Oryx/cyclone_crypto/pkix/x509_cert_parse.c:60:9:x509ParseCertificateEx	64	static
C:/Users/adino/Downloads/2023_06_23_P_LOGIC_CycloneBOOT_Implementation/FLOODNET-Flood-Sensor-CycloneBOOT-Y-Modem/Oryx/cyclone_crypto/pkix/x509_cert_parse.c:143:9:x509ParseTbsCertificate	64	static
C:/Users/adino/Downloads/2023_06_23_P_LOGIC_CycloneBOOT_Implementation/FLOODNET-Flood-Sensor-CycloneBOOT-Y-Modem/Oryx/cyclone_crypto/pkix/x509_cert_parse.c:307:9:x509ParseVersion	56	static
C:/Users/adino/Downloads/2023_06_23_P_LOGIC_CycloneBOOT_Implementation/FLOODNET-Flood-Sensor-CycloneBOOT-Y-Modem/Oryx/cyclone_crypto/pkix/x509_cert_parse.c:368:9:x509ParseSerialNumber	56	static
C:/Users/adino/Downloads/2023_06_23_P_LOGIC_CycloneBOOT_Implementation/FLOODNET-Flood-Sensor-CycloneBOOT-Y-Modem/Oryx/cyclone_crypto/pkix/x509_cert_parse.c:416:9:x509ParseName	72	static
C:/Users/adino/Downloads/2023_06_23_P_LOGIC_CycloneBOOT_Implementation/FLOODNET-Flood-Sensor-CycloneBOOT-Y-Modem/Oryx/cyclone_crypto/pkix/x509_cert_parse.c:586:9:x509ParseNameAttribute	56	static
C:/Users/adino/Downloads/2023_06_23_P_LOGIC_CycloneBOOT_Implementation/FLOODNET-Flood-Sensor-CycloneBOOT-Y-Modem/Oryx/cyclone_crypto/pkix/x509_cert_parse.c:655:9:x509ParseValidity	56	static
C:/Users/adino/Downloads/2023_06_23_P_LOGIC_CycloneBOOT_Implementation/FLOODNET-Flood-Sensor-CycloneBOOT-Y-Modem/Oryx/cyclone_crypto/pkix/x509_cert_parse.c:708:9:x509ParseTime	56	static
C:/Users/adino/Downloads/2023_06_23_P_LOGIC_CycloneBOOT_Implementation/FLOODNET-Flood-Sensor-CycloneBOOT-Y-Modem/Oryx/cyclone_crypto/pkix/x509_cert_parse.c:843:9:x509ParseIssuerUniqueId	56	static
C:/Users/adino/Downloads/2023_06_23_P_LOGIC_CycloneBOOT_Implementation/FLOODNET-Flood-Sensor-CycloneBOOT-Y-Modem/Oryx/cyclone_crypto/pkix/x509_cert_parse.c:896:9:x509ParseSubjectUniqueId	56	static
C:/Users/adino/Downloads/2023_06_23_P_LOGIC_CycloneBOOT_Implementation/FLOODNET-Flood-Sensor-CycloneBOOT-Y-Modem/Oryx/cyclone_crypto/pkix/x509_cert_parse.c:951:9:x509ParseExtensions	80	static
C:/Users/adino/Downloads/2023_06_23_P_LOGIC_CycloneBOOT_Implementation/FLOODNET-Flood-Sensor-CycloneBOOT-Y-Modem/Oryx/cyclone_crypto/pkix/x509_cert_parse.c:1153:9:x509ParseExtension	56	static
C:/Users/adino/Downloads/2023_06_23_P_LOGIC_CycloneBOOT_Implementation/FLOODNET-Flood-Sensor-CycloneBOOT-Y-Modem/Oryx/cyclone_crypto/pkix/x509_cert_parse.c:1240:9:x509ParseBasicConstraints	56	static
C:/Users/adino/Downloads/2023_06_23_P_LOGIC_CycloneBOOT_Implementation/FLOODNET-Flood-Sensor-CycloneBOOT-Y-Modem/Oryx/cyclone_crypto/pkix/x509_cert_parse.c:1331:9:x509ParseNameConstraints	56	static
C:/Users/adino/Downloads/2023_06_23_P_LOGIC_CycloneBOOT_Implementation/FLOODNET-Flood-Sensor-CycloneBOOT-Y-Modem/Oryx/cyclone_crypto/pkix/x509_cert_parse.c:1426:9:x509ParsePolicyConstraints	56	static
C:/Users/adino/Downloads/2023_06_23_P_LOGIC_CycloneBOOT_Implementation/FLOODNET-Flood-Sensor-CycloneBOOT-Y-Modem/Oryx/cyclone_crypto/pkix/x509_cert_parse.c:1459:9:x509ParsePolicyMappings	56	static
C:/Users/adino/Downloads/2023_06_23_P_LOGIC_CycloneBOOT_Implementation/FLOODNET-Flood-Sensor-CycloneBOOT-Y-Modem/Oryx/cyclone_crypto/pkix/x509_cert_parse.c:1491:9:x509ParseInhibitAnyPolicy	24	static
C:/Users/adino/Downloads/2023_06_23_P_LOGIC_CycloneBOOT_Implementation/FLOODNET-Flood-Sensor-CycloneBOOT-Y-Modem/Oryx/cyclone_crypto/pkix/x509_cert_parse.c:1511:9:x509ParseKeyUsage	56	static
C:/Users/adino/Downloads/2023_06_23_P_LOGIC_CycloneBOOT_Implementation/FLOODNET-Flood-Sensor-CycloneBOOT-Y-Modem/Oryx/cyclone_crypto/pkix/x509_cert_parse.c:1584:9:x509ParseExtendedKeyUsage	56	static
C:/Users/adino/Downloads/2023_06_23_P_LOGIC_CycloneBOOT_Implementation/FLOODNET-Flood-Sensor-CycloneBOOT-Y-Modem/Oryx/cyclone_crypto/pkix/x509_cert_parse.c:1715:9:x509ParseSubjectAltName	80	static
C:/Users/adino/Downloads/2023_06_23_P_LOGIC_CycloneBOOT_Implementation/FLOODNET-Flood-Sensor-CycloneBOOT-Y-Modem/Oryx/cyclone_crypto/pkix/x509_cert_parse.c:1787:9:x509ParseGeneralSubtrees	40	static
C:/Users/adino/Downloads/2023_06_23_P_LOGIC_CycloneBOOT_Implementation/FLOODNET-Flood-Sensor-CycloneBOOT-Y-Modem/Oryx/cyclone_crypto/pkix/x509_cert_parse.c:1821:9:x509ParseGeneralSubtree	56	static
C:/Users/adino/Downloads/2023_06_23_P_LOGIC_CycloneBOOT_Implementation/FLOODNET-Flood-Sensor-CycloneBOOT-Y-Modem/Oryx/cyclone_crypto/pkix/x509_cert_parse.c:1854:9:x509ParseGeneralName	56	static
C:/Users/adino/Downloads/2023_06_23_P_LOGIC_CycloneBOOT_Implementation/FLOODNET-Flood-Sensor-CycloneBOOT-Y-Modem/Oryx/cyclone_crypto/pkix/x509_cert_parse.c:1900:9:x509ParseSubjectKeyId	56	static
C:/Users/adino/Downloads/2023_06_23_P_LOGIC_CycloneBOOT_Implementation/FLOODNET-Flood-Sensor-CycloneBOOT-Y-Modem/Oryx/cyclone_crypto/pkix/x509_cert_parse.c:1937:9:x509ParseAuthorityKeyId	56	static
C:/Users/adino/Downloads/2023_06_23_P_LOGIC_CycloneBOOT_Implementation/FLOODNET-Flood-Sensor-CycloneBOOT-Y-Modem/Oryx/cyclone_crypto/pkix/x509_cert_parse.c:1999:9:x509ParseNsCertType	56	static
C:/Users/adino/Downloads/2023_06_23_P_LOGIC_CycloneBOOT_Implementation/FLOODNET-Flood-Sensor-CycloneBOOT-Y-Modem/Oryx/cyclone_crypto/pkix/x509_cert_parse.c:2053:9:x509ParseSignatureAlgo	56	static
C:/Users/adino/Downloads/2023_06_23_P_LOGIC_CycloneBOOT_Implementation/FLOODNET-Flood-Sensor-CycloneBOOT-Y-Modem/Oryx/cyclone_crypto/pkix/x509_cert_parse.c:2119:9:x509ParseSignatureValue	56	static
C:/Users/adino/Downloads/2023_06_23_P_LOGIC_CycloneBOOT_Implementation/FLOODNET-Flood-Sensor-CycloneBOOT-Y-Modem/Oryx/cyclone_crypto/pkix/x509_cert_parse.c:2165:9:x509ParseInt	24	static
