../Drivers/STM32WLxx_HAL_Driver/Inc/stm32wlxx_ll_rcc.h:1257:22:LL_RCC_LSE_SetDriveCapability	16	static
../Drivers/STM32WLxx_HAL_Driver/Inc/stm32wlxx_ll_bus.h:449:22:LL_AHB2_GRP1_EnableClock	24	static
../Core/Src/main.c:89:5:main	96	static
../Core/Src/main.c:188:6:SystemClock_Config	112	static
../Core/Src/main.c:242:13:MX_ADC_Init	8	static
../Core/Src/main.c:289:13:MX_I2C2_Init	8	static
../Core/Src/main.c:337:13:MX_LPUART1_UART_Init	8	static
../Core/Src/main.c:384:13:MX_USART2_UART_Init	8	static
../Core/Src/main.c:432:13:MX_RTC_Init	80	static
../Core/Src/main.c:517:13:MX_SPI2_Init	8	static
../Core/Src/main.c:557:13:MX_GPIO_Init	32	static
../Core/Src/main.c:593:6:rTosDelay	16	static
../Core/Src/main.c:599:21:Get_DebugHandle	4	static
../Core/Src/main.c:604:21:Get_SonarHandle	4	static
../Core/Src/main.c:609:21:Get_RtcHandle	4	static
../Core/Src/main.c:614:22:Get_SpiHandle	4	static
../Core/Src/main.c:619:22:Get_I2cHandle	4	static
../Core/Src/main.c:625:12:Get_UartMutexHandle	4	static
../Core/Src/main.c:630:12:Get_SpiMutexHandle	4	static
../Core/Src/main.c:635:12:Get_I2cMutexHandle	4	static
../Core/Src/main.c:640:12:Get_RtcMutexHandle	4	static
../Core/Src/main.c:648:14:Get_TerminalQueueHandle	4	static
../Core/Src/main.c:665:6:HAL_TIM_PeriodElapsedCallback	16	static
../Core/Src/main.c:682:6:Error_Handler	4	static,ignoring_inline_asm
