../Drivers/STM32WLxx_HAL_Driver/Inc/stm32wlxx_ll_rcc.h:1257:22:LL_RCC_LSE_SetDriveCapability	16	static
../Drivers/STM32WLxx_HAL_Driver/Inc/stm32wlxx_ll_bus.h:449:22:LL_AHB2_GRP1_EnableClock	24	static
../Core/Src/main.c:82:5:main	64	static
../Core/Src/main.c:163:6:SystemClock_Config	112	static
../Core/Src/main.c:217:13:MX_ADC_Init	8	static
../Core/Src/main.c:264:13:MX_LPUART1_UART_Init	8	static
../Core/Src/main.c:311:13:MX_USART2_UART_Init	8	static
../Core/Src/main.c:359:13:MX_RTC_Init	80	static
../Core/Src/main.c:444:13:MX_SPI2_Init	8	static
../Core/Src/main.c:484:13:MX_GPIO_Init	32	static
../Core/Src/main.c:520:21:Get_DebugHandle	4	static
../Core/Src/main.c:525:14:Get_TerminalQueueHandle	4	static
../Core/Src/main.c:542:6:HAL_TIM_PeriodElapsedCallback	16	static
../Core/Src/main.c:559:6:Error_Handler	4	static,ignoring_inline_asm
