../Drivers/STM32WLxx_HAL_Driver/Inc/stm32wlxx_ll_rcc.h:1257:22:LL_RCC_LSE_SetDriveCapability	16	static
../Drivers/STM32WLxx_HAL_Driver/Inc/stm32wlxx_ll_bus.h:449:22:LL_AHB2_GRP1_EnableClock	24	static
../Core/Src/main.c:89:5:main	96	static
../Core/Src/main.c:188:6:SystemClock_Config	112	static
../Core/Src/main.c:239:13:MX_ADC_Init	8	static
../Core/Src/main.c:286:13:MX_I2C2_Init	8	static
../Core/Src/main.c:334:13:MX_LPUART1_UART_Init	8	static
../Core/Src/main.c:381:13:MX_USART2_UART_Init	8	static
../Core/Src/main.c:429:13:MX_RTC_Init	80	static
../Core/Src/main.c:514:13:MX_SPI2_Init	8	static
../Core/Src/main.c:554:13:MX_GPIO_Init	32	static
../Core/Src/main.c:600:6:rTosDelay	16	static
../Core/Src/main.c:606:20:Get_AdcHandle	4	static
../Core/Src/main.c:612:21:Get_DebugHandle	4	static
../Core/Src/main.c:617:21:Get_SonarHandle	4	static
../Core/Src/main.c:622:21:Get_RtcHandle	4	static
../Core/Src/main.c:627:22:Get_SpiHandle	4	static
../Core/Src/main.c:632:22:Get_I2cHandle	4	static
../Core/Src/main.c:638:12:Get_UartMutexHandle	4	static
../Core/Src/main.c:643:12:Get_SpiMutexHandle	4	static
../Core/Src/main.c:648:12:Get_I2cMutexHandle	4	static
../Core/Src/main.c:653:12:Get_RtcMutexHandle	4	static
../Core/Src/main.c:661:14:Get_TerminalQueueHandle	4	static
../Core/Src/main.c:679:6:HAL_TIM_PeriodElapsedCallback	16	static
../Core/Src/main.c:696:6:Error_Handler	4	static,ignoring_inline_asm
