Archive member included to satisfy reference by file (symbol)

C:/ST/STM32CubeIDE_1.13.1/STM32CubeIDE/plugins/com.st.stm32cube.ide.mcu.externaltools.gnu-tools-for-stm32.11.3.rel1.win32_1.1.0.202305231506/tools/bin/../lib/gcc/arm-none-eabi/11.3.1/../../../../arm-none-eabi/lib/thumb/v7e-m/nofp\libc_nano.a(libc_a-exit.o)
                              C:/ST/STM32CubeIDE_1.13.1/STM32CubeIDE/plugins/com.st.stm32cube.ide.mcu.externaltools.gnu-tools-for-stm32.11.3.rel1.win32_1.1.0.202305231506/tools/bin/../lib/gcc/arm-none-eabi/11.3.1/../../../../arm-none-eabi/lib/thumb/v7e-m/nofp/crt0.o (exit)
C:/ST/STM32CubeIDE_1.13.1/STM32CubeIDE/plugins/com.st.stm32cube.ide.mcu.externaltools.gnu-tools-for-stm32.11.3.rel1.win32_1.1.0.202305231506/tools/bin/../lib/gcc/arm-none-eabi/11.3.1/../../../../arm-none-eabi/lib/thumb/v7e-m/nofp\libc_nano.a(libc_a-malloc.o)
                              ./Common_Sources/os_port_none.o (malloc)
C:/ST/STM32CubeIDE_1.13.1/STM32CubeIDE/plugins/com.st.stm32cube.ide.mcu.externaltools.gnu-tools-for-stm32.11.3.rel1.win32_1.1.0.202305231506/tools/bin/../lib/gcc/arm-none-eabi/11.3.1/../../../../arm-none-eabi/lib/thumb/v7e-m/nofp\libc_nano.a(libc_a-mallocr.o)
                              C:/ST/STM32CubeIDE_1.13.1/STM32CubeIDE/plugins/com.st.stm32cube.ide.mcu.externaltools.gnu-tools-for-stm32.11.3.rel1.win32_1.1.0.202305231506/tools/bin/../lib/gcc/arm-none-eabi/11.3.1/../../../../arm-none-eabi/lib/thumb/v7e-m/nofp\libc_nano.a(libc_a-malloc.o) (_malloc_r)
C:/ST/STM32CubeIDE_1.13.1/STM32CubeIDE/plugins/com.st.stm32cube.ide.mcu.externaltools.gnu-tools-for-stm32.11.3.rel1.win32_1.1.0.202305231506/tools/bin/../lib/gcc/arm-none-eabi/11.3.1/../../../../arm-none-eabi/lib/thumb/v7e-m/nofp\libc_nano.a(libc_a-mlock.o)
                              C:/ST/STM32CubeIDE_1.13.1/STM32CubeIDE/plugins/com.st.stm32cube.ide.mcu.externaltools.gnu-tools-for-stm32.11.3.rel1.win32_1.1.0.202305231506/tools/bin/../lib/gcc/arm-none-eabi/11.3.1/../../../../arm-none-eabi/lib/thumb/v7e-m/nofp\libc_nano.a(libc_a-mallocr.o) (__malloc_lock)
C:/ST/STM32CubeIDE_1.13.1/STM32CubeIDE/plugins/com.st.stm32cube.ide.mcu.externaltools.gnu-tools-for-stm32.11.3.rel1.win32_1.1.0.202305231506/tools/bin/../lib/gcc/arm-none-eabi/11.3.1/../../../../arm-none-eabi/lib/thumb/v7e-m/nofp\libc_nano.a(libc_a-ctype_.o)
                              ./Common_Sources/str.o (_ctype_)
C:/ST/STM32CubeIDE_1.13.1/STM32CubeIDE/plugins/com.st.stm32cube.ide.mcu.externaltools.gnu-tools-for-stm32.11.3.rel1.win32_1.1.0.202305231506/tools/bin/../lib/gcc/arm-none-eabi/11.3.1/../../../../arm-none-eabi/lib/thumb/v7e-m/nofp\libc_nano.a(libc_a-findfp.o)
                              C:/ST/STM32CubeIDE_1.13.1/STM32CubeIDE/plugins/com.st.stm32cube.ide.mcu.externaltools.gnu-tools-for-stm32.11.3.rel1.win32_1.1.0.202305231506/tools/bin/../lib/gcc/arm-none-eabi/11.3.1/../../../../arm-none-eabi/lib/thumb/v7e-m/nofp\libc_nano.a(libc_a-exit.o) (__stdio_exit_handler)
C:/ST/STM32CubeIDE_1.13.1/STM32CubeIDE/plugins/com.st.stm32cube.ide.mcu.externaltools.gnu-tools-for-stm32.11.3.rel1.win32_1.1.0.202305231506/tools/bin/../lib/gcc/arm-none-eabi/11.3.1/../../../../arm-none-eabi/lib/thumb/v7e-m/nofp\libc_nano.a(libc_a-fprintf.o)
                              ./Core/Src/debug.o (fprintf)
C:/ST/STM32CubeIDE_1.13.1/STM32CubeIDE/plugins/com.st.stm32cube.ide.mcu.externaltools.gnu-tools-for-stm32.11.3.rel1.win32_1.1.0.202305231506/tools/bin/../lib/gcc/arm-none-eabi/11.3.1/../../../../arm-none-eabi/lib/thumb/v7e-m/nofp\libc_nano.a(libc_a-fputs.o)
                              ./Core/Src/debug.o (fputs)
C:/ST/STM32CubeIDE_1.13.1/STM32CubeIDE/plugins/com.st.stm32cube.ide.mcu.externaltools.gnu-tools-for-stm32.11.3.rel1.win32_1.1.0.202305231506/tools/bin/../lib/gcc/arm-none-eabi/11.3.1/../../../../arm-none-eabi/lib/thumb/v7e-m/nofp\libc_nano.a(libc_a-fwalk.o)
                              C:/ST/STM32CubeIDE_1.13.1/STM32CubeIDE/plugins/com.st.stm32cube.ide.mcu.externaltools.gnu-tools-for-stm32.11.3.rel1.win32_1.1.0.202305231506/tools/bin/../lib/gcc/arm-none-eabi/11.3.1/../../../../arm-none-eabi/lib/thumb/v7e-m/nofp\libc_nano.a(libc_a-findfp.o) (_fwalk_sglue)
C:/ST/STM32CubeIDE_1.13.1/STM32CubeIDE/plugins/com.st.stm32cube.ide.mcu.externaltools.gnu-tools-for-stm32.11.3.rel1.win32_1.1.0.202305231506/tools/bin/../lib/gcc/arm-none-eabi/11.3.1/../../../../arm-none-eabi/lib/thumb/v7e-m/nofp\libc_nano.a(libc_a-fwrite.o)
                              ./Core/Src/debug.o (fwrite)
C:/ST/STM32CubeIDE_1.13.1/STM32CubeIDE/plugins/com.st.stm32cube.ide.mcu.externaltools.gnu-tools-for-stm32.11.3.rel1.win32_1.1.0.202305231506/tools/bin/../lib/gcc/arm-none-eabi/11.3.1/../../../../arm-none-eabi/lib/thumb/v7e-m/nofp\libc_nano.a(libc_a-sprintf.o)
                              ./Common_Sources/date_time.o (sprintf)
[...]
Memory Configuration

Name             Origin             Length             Attributes
RAM_BOOTLOADER   0x0000000020000000 0x0000000000000080 xrw
RAM              0x0000000020000080 0x000000000000ff80 xrw
RAM2             0x0000000010000000 0x0000000000008000 xrw
FLASH            0x0000000008000000 0x0000000000008000 xr
*default*        0x0000000000000000 0xffffffffffffffff

Linker script and memory map

LOAD C:/ST/STM32CubeIDE_1.13.1/STM32CubeIDE/plugins/com.st.stm32cube.ide.mcu.externaltools.gnu-tools-for-stm32.11.3.rel1.win32_1.1.0.202305231506/tools/bin/../lib/gcc/arm-none-eabi/11.3.1/thumb/v7e-m/nofp/crti.o
LOAD C:/ST/STM32CubeIDE_1.13.1/STM32CubeIDE/plugins/com.st.stm32cube.ide.mcu.externaltools.gnu-tools-for-stm32.11.3.rel1.win32_1.1.0.202305231506/tools/bin/../lib/gcc/arm-none-eabi/11.3.1/thumb/v7e-m/nofp/crtbegin.o
LOAD C:/ST/STM32CubeIDE_1.13.1/STM32CubeIDE/plugins/com.st.stm32cube.ide.mcu.externaltools.gnu-tools-for-stm32.11.3.rel1.win32_1.1.0.202305231506/tools/bin/../lib/gcc/arm-none-eabi/11.3.1/../../../../arm-none-eabi/lib/thumb/v7e-m/nofp/crt0.o
LOAD ./Common_Sources/cpu_endian.o
LOAD ./Common_Sources/date_time.o
LOAD ./Common_Sources/os_port_none.o
LOAD ./Common_Sources/str.o
LOAD ./Core/Src/debug.o
LOAD ./Core/Src/main.o
LOAD ./Core/Src/stm32wlxx_hal_msp.o
LOAD ./Core/Src/stm32wlxx_it.o
LOAD ./Core/Src/syscalls.o
LOAD ./Core/Src/sysmem.o
LOAD ./Core/Src/system_stm32wlxx.o
LOAD ./Core/Startup/startup_stm32wle5jcix.o
LOAD ./CycloneBOOT_Sources/boot.o
LOAD ./CycloneBOOT_Sources/boot_common.o
LOAD ./CycloneBOOT_Sources/boot_fallback.o
LOAD ./CycloneBOOT_Sources/crc32.o
LOAD ./CycloneBOOT_Sources/image.o
LOAD ./CycloneBOOT_Sources/mailbox.o
LOAD ./CycloneBOOT_Sources/slot.o
LOAD ./CycloneBOOT_Sources/stm32wlxx_flash_driver.o
LOAD ./CycloneBOOT_Sources/stm32wlxx_mcu_driver.o
LOAD ./CycloneBOOT_Sources/w25q80dv_flash_driver.o
LOAD ./CycloneCRYPTO_Sources/aes.o
LOAD ./CycloneCRYPTO_Sources/cbc.o
LOAD ./CycloneCRYPTO_Sources/sha256.o
LOAD ./Drivers/STM32WLxx_HAL_Driver/Src/stm32wlxx_hal.o
LOAD ./Drivers/STM32WLxx_HAL_Driver/Src/stm32wlxx_hal_cortex.o
LOAD ./Drivers/STM32WLxx_HAL_Driver/Src/stm32wlxx_hal_dma.o
LOAD ./Drivers/STM32WLxx_HAL_Driver/Src/stm32wlxx_hal_dma_ex.o
LOAD ./Drivers/STM32WLxx_HAL_Driver/Src/stm32wlxx_hal_exti.o
LOAD ./Drivers/STM32WLxx_HAL_Driver/Src/stm32wlxx_hal_flash.o
LOAD ./Drivers/STM32WLxx_HAL_Driver/Src/stm32wlxx_hal_flash_ex.o
LOAD ./Drivers/STM32WLxx_HAL_Driver/Src/stm32wlxx_hal_gpio.o
LOAD ./Drivers/STM32WLxx_HAL_Driver/Src/stm32wlxx_hal_pwr.o
LOAD ./Drivers/STM32WLxx_HAL_Driver/Src/stm32wlxx_hal_pwr_ex.o
LOAD ./Drivers/STM32WLxx_HAL_Driver/Src/stm32wlxx_hal_rcc.o
LOAD ./Drivers/STM32WLxx_HAL_Driver/Src/stm32wlxx_hal_rcc_ex.o
LOAD ./Drivers/STM32WLxx_HAL_Driver/Src/stm32wlxx_hal_rtc.o
LOAD ./Drivers/STM32WLxx_HAL_Driver/Src/stm32wlxx_hal_rtc_ex.o
LOAD ./Drivers/STM32WLxx_HAL_Driver/Src/stm32wlxx_hal_spi.o
LOAD ./Drivers/STM32WLxx_HAL_Driver/Src/stm32wlxx_hal_spi_ex.o
LOAD ./Drivers/STM32WLxx_HAL_Driver/Src/stm32wlxx_hal_tim.o
LOAD ./Drivers/STM32WLxx_HAL_Driver/Src/stm32wlxx_hal_tim_ex.o
LOAD ./Drivers/STM32WLxx_HAL_Driver/Src/stm32wlxx_hal_uart.o
LOAD ./Drivers/STM32WLxx_HAL_Driver/Src/stm32wlxx_hal_uart_ex.o
LOAD ./FloodnetDriver/ExtFlash.o
LOAD ./FloodnetDriver/Gpio.o
LOAD ./FloodnetDriver/Spi.o
LOAD ./FloodnetDriver/Uart.o
START GROUP
LOAD C:/ST/STM32CubeIDE_1.13.1/STM32CubeIDE/plugins/com.st.stm32cube.ide.mcu.externaltools.gnu-tools-for-stm32.11.3.rel1.win32_1.1.0.202305231506/tools/bin/../lib/gcc/arm-none-eabi/11.3.1/../../../../arm-none-eabi/lib/thumb/v7e-m/nofp\libc_nano.a
LOAD C:/ST/STM32CubeIDE_1.13.1/STM32CubeIDE/plugins/com.st.stm32cube.ide.mcu.externaltools.gnu-tools-for-stm32.11.3.rel1.win32_1.1.0.202305231506/tools/bin/../lib/gcc/arm-none-eabi/11.3.1/../../../../arm-none-eabi/lib/thumb/v7e-m/nofp\libm.a
END GROUP
START GROUP
LOAD C:/ST/STM32CubeIDE_1.13.1/STM32CubeIDE/plugins/com.st.stm32cube.ide.mcu.externaltools.gnu-tools-for-stm32.11.3.rel1.win32_1.1.0.202305231506/tools/bin/../lib/gcc/arm-none-eabi/11.3.1/thumb/v7e-m/nofp\libgcc.a
LOAD C:/ST/STM32CubeIDE_1.13.1/STM32CubeIDE/plugins/com.st.stm32cube.ide.mcu.externaltools.gnu-tools-for-stm32.11.3.rel1.win32_1.1.0.202305231506/tools/bin/../lib/gcc/arm-none-eabi/11.3.1/../../../../arm-none-eabi/lib/thumb/v7e-m/nofp\libc_nano.a
END GROUP
START GROUP
LOAD C:/ST/STM32CubeIDE_1.13.1/STM32CubeIDE/plugins/com.st.stm32cube.ide.mcu.externaltools.gnu-tools-for-stm32.11.3.rel1.win32_1.1.0.202305231506/tools/bin/../lib/gcc/arm-none-eabi/11.3.1/thumb/v7e-m/nofp\libgcc.a
LOAD C:/ST/STM32CubeIDE_1.13.1/STM32CubeIDE/plugins/com.st.stm32cube.ide.mcu.externaltools.gnu-tools-for-stm32.11.3.rel1.win32_1.1.0.202305231506/tools/bin/../lib/gcc/arm-none-eabi/11.3.1/../../../../arm-none-eabi/lib/thumb/v7e-m/nofp\libc_nano.a
LOAD C:/ST/STM32CubeIDE_1.13.1/STM32CubeIDE/plugins/com.st.stm32cube.ide.mcu.externaltools.gnu-tools-for-stm32.11.3.rel1.win32_1.1.0.202305231506/tools/bin/../lib/gcc/arm-none-eabi/11.3.1/../../../../arm-none-eabi/lib/thumb/v7e-m/nofp\libnosys.a
END GROUP
START GROUP
LOAD C:/ST/STM32CubeIDE_1.13.1/STM32CubeIDE/plugins/com.st.stm32cube.ide.mcu.externaltools.gnu-tools-for-stm32.11.3.rel1.win32_1.1.0.202305231506/tools/bin/../lib/gcc/arm-none-eabi/11.3.1/thumb/v7e-m/nofp\libgcc.a
LOAD C:/ST/STM32CubeIDE_1.13.1/STM32CubeIDE/plugins/com.st.stm32cube.ide.mcu.externaltools.gnu-tools-for-stm32.11.3.rel1.win32_1.1.0.202305231506/tools/bin/../lib/gcc/arm-none-eabi/11.3.1/../../../../arm-none-eabi/lib/thumb/v7e-m/nofp\libc_nano.a
LOAD C:/ST/STM32CubeIDE_1.13.1/STM32CubeIDE/plugins/com.st.stm32cube.ide.mcu.externaltools.gnu-tools-for-stm32.11.3.rel1.win32_1.1.0.202305231506/tools/bin/../lib/gcc/arm-none-eabi/11.3.1/../../../../arm-none-eabi/lib/thumb/v7e-m/nofp\libnosys.a
END GROUP
LOAD C:/ST/STM32CubeIDE_1.13.1/STM32CubeIDE/plugins/com.st.stm32cube.ide.mcu.externaltools.gnu-tools-for-stm32.11.3.rel1.win32_1.1.0.202305231506/tools/bin/../lib/gcc/arm-none-eabi/11.3.1/thumb/v7e-m/nofp/crtend.o
LOAD C:/ST/STM32CubeIDE_1.13.1/STM32CubeIDE/plugins/com.st.stm32cube.ide.mcu.externaltools.gnu-tools-for-stm32.11.3.rel1.win32_1.1.0.202305231506/tools/bin/../lib/gcc/arm-none-eabi/11.3.1/thumb/v7e-m/nofp/crtn.o
                0x0000000020010000                _estack = (ORIGIN (RAM) + LENGTH (RAM))
                0x0000000000000200                _Min_Heap_Size = 0x200
                0x0000000000000400                _Min_Stack_Size = 0x400

.isr_vector     0x0000000008000000      0x138
                0x0000000008000000                . = ALIGN (0x4)
 *(.isr_vector)
 .isr_vector    0x0000000008000000      0x138 ./Core/Startup/startup_stm32wle5jcix.o
                0x0000000008000000                g_pfnVectors
                0x0000000008000138                . = ALIGN (0x4)

.text           0x0000000008000140     0x59f0
                0x0000000008000140                . = ALIGN (0x4)
 *(.text)
 .text          0x0000000008000140       0x40 C:/ST/STM32CubeIDE_1.13.1/STM32CubeIDE/plugins/com.st.stm32cube.ide.mcu.externaltools.gnu-tools-for-stm32.11.3.rel1.win32_1.1.0.202305231506/tools/bin/../lib/gcc/arm-none-eabi/11.3.1/thumb/v7e-m/nofp/crtbegin.o
 .text          0x0000000008000180       0xa0 C:/ST/STM32CubeIDE_1.13.1/STM32CubeIDE/plugins/com.st.stm32cube.ide.mcu.externaltools.gnu-tools-for-stm32.11.3.rel1.win32_1.1.0.202305231506/tools/bin/../lib/gcc/arm-none-eabi/11.3.1/../../../../arm-none-eabi/lib/thumb/v7e-m/nofp\libc_nano.a(libc_a-memchr.o)
                0x0000000008000180                memchr
 .text          0x0000000008000220       0x30 C:/ST/STM32CubeIDE_1.13.1/STM32CubeIDE/plugins/com.st.stm32cube.ide.mcu.externaltools.gnu-tools-for-stm32.11.3.rel1.win32_1.1.0.202305231506/tools/bin/../lib/gcc/arm-none-eabi/11.3.1/thumb/v7e-m/nofp\libgcc.a(_aeabi_uldivmod.o)
                0x0000000008000220                __aeabi_uldivmod
 .text          0x0000000008000250      0x2c8 C:/ST/STM32CubeIDE_1.13.1/STM32CubeIDE/plugins/com.st.stm32cube.ide.mcu.externaltools.gnu-tools-for-stm32.11.3.rel1.win32_1.1.0.202305231506/tools/bin/../lib/gcc/arm-none-eabi/11.3.1/thumb/v7e-m/nofp\libgcc.a(_udivmoddi4.o)
                0x0000000008000250                __udivmoddi4
 .text          0x0000000008000518        0x4 C:/ST/STM32CubeIDE_1.13.1/STM32CubeIDE/plugins/com.st.stm32cube.ide.mcu.externaltools.gnu-tools-for-stm32.11.3.rel1.win32_1.1.0.202305231506/tools/bin/../lib/gcc/arm-none-eabi/11.3.1/thumb/v7e-m/nofp\libgcc.a(_dvmd_tls.o)
                0x0000000008000518                __aeabi_idiv0
                0x0000000008000518                __aeabi_ldiv0
 *(.text*)
 .text.osSuspendAllTasks
                0x000000000800051c        0x2 ./Common_Sources/os_port_none.o
                0x000000000800051c                osSuspendAllTasks
 .text.osResumeAllTasks
                0x000000000800051e        0x2 ./Common_Sources/os_port_none.o
                0x000000000800051e                osResumeAllTasks
 .text.osAllocMem
                0x0000000008000520        0x8 ./Common_Sources/os_port_none.o
                0x0000000008000520                osAllocMem
 .text.osFreeMem
                0x0000000008000528        0xc ./Common_Sources/os_port_none.o
                0x0000000008000528                osFreeMem
 .text.__io_putchar
                0x0000000008000534       0x2c ./Core/Src/main.o
                0x0000000008000534                __io_putchar
 .text.ledTask  0x0000000008000560       0x60 ./Core/Src/main.o
                0x0000000008000560                ledTask
 .text.SystemClock_Config
                0x00000000080005c0       0x9a ./Core/Src/main.o
                0x00000000080005c0                SystemClock_Config
 *fill*         0x000000000800065a        0x2 
 .text.main     0x000000000800065c      0x2b0 ./Core/Src/main.o
                0x000000000800065c                main
 .text.Get_SpiHandle
                0x000000000800090c        0x8 ./Core/Src/main.o
                0x000000000800090c                Get_SpiHandle
 .text.Error_Handler
                0x0000000008000914        0x4 ./Core/Src/main.o
                0x0000000008000914                Error_Handler
 .text.HAL_MspInit
                0x0000000008000918        0x2 ./Core/Src/stm32wlxx_hal_msp.o
                0x0000000008000918                HAL_MspInit
 *fill*         0x000000000800091a        0x2 
 .text.HAL_RTC_MspInit
                0x000000000800091c       0x60 ./Core/Src/stm32wlxx_hal_msp.o
                0x000000000800091c                HAL_RTC_MspInit
 .text.HAL_SPI_MspInit
                0x000000000800097c       0xbc ./Core/Src/stm32wlxx_hal_msp.o
                0x000000000800097c                HAL_SPI_MspInit
 .text.HAL_UART_MspInit
                0x0000000008000a38       0x98 ./Core/Src/stm32wlxx_hal_msp.o
                0x0000000008000a38                HAL_UART_MspInit
 .text.NMI_Handler
                0x0000000008000ad0        0x2 ./Core/Src/stm32wlxx_it.o
                0x0000000008000ad0                NMI_Handler
 .text.HardFault_Handler
                0x0000000008000ad2        0x2 ./Core/Src/stm32wlxx_it.o
                0x0000000008000ad2                HardFault_Handler
 .text.MemManage_Handler
                0x0000000008000ad4        0x2 ./Core/Src/stm32wlxx_it.o
                0x0000000008000ad4                MemManage_Handler
 .text.BusFault_Handler
                0x0000000008000ad6        0x2 ./Core/Src/stm32wlxx_it.o
                0x0000000008000ad6                BusFault_Handler
 .text.UsageFault_Handler
                0x0000000008000ad8        0x2 ./Core/Src/stm32wlxx_it.o
                0x0000000008000ad8                UsageFault_Handler
 .text.SVC_Handler
                0x0000000008000ada        0x2 ./Core/Src/stm32wlxx_it.o
                0x0000000008000ada                SVC_Handler
 .text.DebugMon_Handler
                0x0000000008000adc        0x2 ./Core/Src/stm32wlxx_it.o
                0x0000000008000adc                DebugMon_Handler
 .text.PendSV_Handler
                0x0000000008000ade        0x2 ./Core/Src/stm32wlxx_it.o
                0x0000000008000ade                PendSV_Handler
 .text.SysTick_Handler
                0x0000000008000ae0       0x14 ./Core/Src/stm32wlxx_it.o
                0x0000000008000ae0                SysTick_Handler
 .text.USART2_IRQHandler
                0x0000000008000af4       0x10 ./Core/Src/stm32wlxx_it.o
                0x0000000008000af4                USART2_IRQHandler
 .text._read    0x0000000008000b04       0x1a ./Core/Src/syscalls.o
                0x0000000008000b04                _read
 .text._write   0x0000000008000b1e       0x1a ./Core/Src/syscalls.o
                0x0000000008000b1e                _write
 .text._close   0x0000000008000b38        0x6 ./Core/Src/syscalls.o
                0x0000000008000b38                _close
 .text._fstat   0x0000000008000b3e        0xa ./Core/Src/syscalls.o
                0x0000000008000b3e                _fstat
 .text._isatty  0x0000000008000b48        0x4 ./Core/Src/syscalls.o
                0x0000000008000b48                _isatty
 .text._lseek   0x0000000008000b4c        0x4 ./Core/Src/syscalls.o
                0x0000000008000b4c                _lseek
 .text._sbrk    0x0000000008000b50       0x48 ./Core/Src/sysmem.o
                0x0000000008000b50                _sbrk
 .text.SystemInit
                0x0000000008000b98       0x10 ./Core/Src/system_stm32wlxx.o
                0x0000000008000b98                SystemInit
 .text.Reset_Handler
                0x0000000008000ba8       0x50 ./Core/Startup/startup_stm32wle5jcix.o
                0x0000000008000ba8                Reset_Handler
 .text.Default_Handler
                0x0000000008000bf8        0x2 ./Core/Startup/startup_stm32wle5jcix.o
                0x0000000008000bf8                RTC_Alarm_IRQHandler
                0x0000000008000bf8                EXTI2_IRQHandler
                0x0000000008000bf8                TIM1_CC_IRQHandler
                0x0000000008000bf8                EXTI3_IRQHandler
                0x0000000008000bf8                LPTIM2_IRQHandler
                0x0000000008000bf8                I2C3_ER_IRQHandler
                0x0000000008000bf8                LPTIM3_IRQHandler
                0x0000000008000bf8                EXTI0_IRQHandler
                0x0000000008000bf8                I2C2_EV_IRQHandler
                0x0000000008000bf8                TAMP_STAMP_LSECSS_SSRU_IRQHandler
                0x0000000008000bf8                SPI1_IRQHandler
                0x0000000008000bf8                DMA2_Channel2_IRQHandler
                0x0000000008000bf8                DMA1_Channel4_IRQHandler
                0x0000000008000bf8                PKA_IRQHandler
                0x0000000008000bf8                TIM17_IRQHandler
                0x0000000008000bf8                DMA1_Channel7_IRQHandler
                0x0000000008000bf8                SUBGHZSPI_IRQHandler
                0x0000000008000bf8                DMA2_Channel1_IRQHandler
                0x0000000008000bf8                I2C1_EV_IRQHandler
                0x0000000008000bf8                SUBGHZ_Radio_IRQHandler
                0x0000000008000bf8                DMAMUX1_OVR_IRQHandler
                0x0000000008000bf8                DMA1_Channel6_IRQHandler
                0x0000000008000bf8                TIM16_IRQHandler
                0x0000000008000bf8                DMA2_Channel4_IRQHandler
                0x0000000008000bf8                RCC_IRQHandler
                0x0000000008000bf8                TIM1_TRG_COM_IRQHandler
                0x0000000008000bf8                DMA1_Channel1_IRQHandler
                0x0000000008000bf8                Default_Handler
                0x0000000008000bf8                DMA2_Channel7_IRQHandler
                0x0000000008000bf8                EXTI15_10_IRQHandler
                0x0000000008000bf8                ADC_IRQHandler
                0x0000000008000bf8                I2C3_EV_IRQHandler
                0x0000000008000bf8                EXTI9_5_IRQHandler
                0x0000000008000bf8                RTC_WKUP_IRQHandler
                0x0000000008000bf8                PVD_PVM_IRQHandler
                0x0000000008000bf8                SPI2_IRQHandler
                0x0000000008000bf8                DMA2_Channel5_IRQHandler
                0x0000000008000bf8                DMA1_Channel5_IRQHandler
                0x0000000008000bf8                EXTI4_IRQHandler
                0x0000000008000bf8                RNG_IRQHandler
                0x0000000008000bf8                DMA1_Channel3_IRQHandler
                0x0000000008000bf8                COMP_IRQHandler
                0x0000000008000bf8                HSEM_IRQHandler
                0x0000000008000bf8                TIM1_UP_IRQHandler
                0x0000000008000bf8                WWDG_IRQHandler
                0x0000000008000bf8                LPUART1_IRQHandler
                0x0000000008000bf8                DMA2_Channel6_IRQHandler
                0x0000000008000bf8                TIM2_IRQHandler
                0x0000000008000bf8                TIM1_BRK_IRQHandler
                0x0000000008000bf8                DAC_IRQHandler
                0x0000000008000bf8                EXTI1_IRQHandler
                0x0000000008000bf8                AES_IRQHandler
                0x0000000008000bf8                I2C2_ER_IRQHandler
                0x0000000008000bf8                DMA1_Channel2_IRQHandler
                0x0000000008000bf8                FLASH_IRQHandler
                0x0000000008000bf8                USART1_IRQHandler
                0x0000000008000bf8                I2C1_ER_IRQHandler
                0x0000000008000bf8                LPTIM1_IRQHandler
                0x0000000008000bf8                DMA2_Channel3_IRQHandler
 .text.bootGetDefaultSettings
                0x0000000008000bfa       0x10 ./CycloneBOOT_Sources/boot.o
                0x0000000008000bfa                bootGetDefaultSettings
 .text.bootInit
                0x0000000008000c0a       0x54 ./CycloneBOOT_Sources/boot.o
                0x0000000008000c0a                bootInit
 *fill*         0x0000000008000c5e        0x2 
 .text.bootTask
                0x0000000008000c60       0xb8 ./CycloneBOOT_Sources/boot.o
                0x0000000008000c60                bootTask
 .text.bootInitPrimaryFlash
                0x0000000008000d18       0x6e ./CycloneBOOT_Sources/boot_common.o
                0x0000000008000d18                bootInitPrimaryFlash
 .text.bootInitSecondaryFlash
                0x0000000008000d86       0x6e ./CycloneBOOT_Sources/boot_common.o
                0x0000000008000d86                bootInitSecondaryFlash
 .text.bootUpdateApp
                0x0000000008000df4      0x17c ./CycloneBOOT_Sources/boot_common.o
                0x0000000008000df4                bootUpdateApp
 .text.bootCheckImage
                0x0000000008000f70       0xd8 ./CycloneBOOT_Sources/boot_common.o
                0x0000000008000f70                bootCheckImage
 .text.bootGetSlotImgHeader
                0x0000000008001048       0x5c ./CycloneBOOT_Sources/boot_common.o
                0x0000000008001048                bootGetSlotImgHeader
 .text.bootSelectUpdateImageSlot
                0x00000000080010a4       0x48 ./CycloneBOOT_Sources/boot_common.o
                0x00000000080010a4                bootSelectUpdateImageSlot
 .text.bootCheckSlotAppResetVector
                0x00000000080010ec       0x40 ./CycloneBOOT_Sources/boot_common.o
                0x00000000080010ec                bootCheckSlotAppResetVector
 .text.fallbackDeleteSlot
                0x000000000800112c       0x10 ./CycloneBOOT_Sources/boot_fallback.o
                0x000000000800112c                fallbackDeleteSlot
 .text.fallbackCompareSlots
                0x000000000800113c       0x4c ./CycloneBOOT_Sources/boot_fallback.o
                0x000000000800113c                fallbackCompareSlots
 .text.fallbackFindSlotWithEquivImg
                0x0000000008001188       0x5e ./CycloneBOOT_Sources/boot_fallback.o
                0x0000000008001188                fallbackFindSlotWithEquivImg
 .text.fallbackTask
                0x00000000080011e6       0x9c ./CycloneBOOT_Sources/boot_fallback.o
                0x00000000080011e6                fallbackTask
 .text.crc32Init
                0x0000000008001282        0x8 ./CycloneBOOT_Sources/crc32.o
                0x0000000008001282                crc32Init
 *fill*         0x000000000800128a        0x2 
 .text.crc32Update
                0x000000000800128c       0x30 ./CycloneBOOT_Sources/crc32.o
                0x000000000800128c                crc32Update
 .text.crc32Final
                0x00000000080012bc        0x8 ./CycloneBOOT_Sources/crc32.o
                0x00000000080012bc                crc32Final
 .text.crc32Compute
                0x00000000080012c4       0x34 ./CycloneBOOT_Sources/crc32.o
                0x00000000080012c4                crc32Compute
 .text.imageCheckHeader
                0x00000000080012f8       0x60 ./CycloneBOOT_Sources/image.o
                0x00000000080012f8                imageCheckHeader
 .text.imageGetHeader
                0x0000000008001358       0x24 ./CycloneBOOT_Sources/image.o
                0x0000000008001358                imageGetHeader
 .text.slotRead
                0x000000000800137c       0x3e ./CycloneBOOT_Sources/slot.o
                0x000000000800137c                slotRead
 *fill*         0x00000000080013ba        0x2 
 .text.stm32wlxxFlashDriverGetInfo
                0x00000000080013bc        0xc ./CycloneBOOT_Sources/stm32wlxx_flash_driver.o
                0x00000000080013bc                stm32wlxxFlashDriverGetInfo
 .text.stm32wlxxFlashDriverGetStatus
                0x00000000080013c8       0x3c ./CycloneBOOT_Sources/stm32wlxx_flash_driver.o
                0x00000000080013c8                stm32wlxxFlashDriverGetStatus
 .text.stm32wlxxFlashDriverRead
                0x0000000008001404       0x48 ./CycloneBOOT_Sources/stm32wlxx_flash_driver.o
                0x0000000008001404                stm32wlxxFlashDriverRead
 .text.stm32wlxxFlashDriverGetNextSector
                0x000000000800144c       0x32 ./CycloneBOOT_Sources/stm32wlxx_flash_driver.o
                0x000000000800144c                stm32wlxxFlashDriverGetNextSector
 *fill*         0x000000000800147e        0x2 
 .text.stm32wlxxFlashDriverInit
                0x0000000008001480       0x20 ./CycloneBOOT_Sources/stm32wlxx_flash_driver.o
                0x0000000008001480                stm32wlxxFlashDriverInit
 .text.stm32wlxxFlashDriverEraseSector
                0x00000000080014a0       0xdc ./CycloneBOOT_Sources/stm32wlxx_flash_driver.o
                0x00000000080014a0                stm32wlxxFlashDriverEraseSector
 .text.stm32wlxxFlashGetSector
                0x000000000800157c       0x26 ./CycloneBOOT_Sources/stm32wlxx_flash_driver.o
                0x000000000800157c                stm32wlxxFlashGetSector
 *fill*         0x00000000080015a2        0x2 
 .text.stm32wlxxFlashDriverErase
                0x00000000080015a4       0x60 ./CycloneBOOT_Sources/stm32wlxx_flash_driver.o
                0x00000000080015a4                stm32wlxxFlashDriverErase
 .text.stm32wlxxFlashDriverIsSectorAddr
                0x0000000008001604        0xc ./CycloneBOOT_Sources/stm32wlxx_flash_driver.o
                0x0000000008001604                stm32wlxxFlashDriverIsSectorAddr
 .text.stm32wlxxFlashDriverWriteWord
                0x0000000008001610       0xac ./CycloneBOOT_Sources/stm32wlxx_flash_driver.o
                0x0000000008001610                stm32wlxxFlashDriverWriteWord
 .text.stm32wlxxFlashDriverWrite
                0x00000000080016bc       0xac ./CycloneBOOT_Sources/stm32wlxx_flash_driver.o
                0x00000000080016bc                stm32wlxxFlashDriverWrite
 .text.mcuGetVtorOffset
                0x0000000008001768        0x6 ./CycloneBOOT_Sources/stm32wlxx_mcu_driver.o
                0x0000000008001768                mcuGetVtorOffset
 *fill*         0x000000000800176e        0x2 
 .text.mcuSystemReset
                0x0000000008001770       0x24 ./CycloneBOOT_Sources/stm32wlxx_mcu_driver.o
                0x0000000008001770                mcuSystemReset
 .text.mcuBootAppImageAsm
                0x0000000008001794        0x6 ./CycloneBOOT_Sources/stm32wlxx_mcu_driver.o
                0x0000000008001794                mcuBootAppImageAsm
 *fill*         0x000000000800179a        0x2 
 .text.w25q80dvFlashDriverGetInfo
                0x000000000800179c        0xc ./CycloneBOOT_Sources/w25q80dv_flash_driver.o
                0x000000000800179c                w25q80dvFlashDriverGetInfo
 .text.w25q80dvFlashDriverIsSectorAddr
                0x00000000080017a8        0xc ./CycloneBOOT_Sources/w25q80dv_flash_driver.o
                0x00000000080017a8                w25q80dvFlashDriverIsSectorAddr
 .text.w25q80dvFlashDriverInit
                0x00000000080017b4        0xe ./CycloneBOOT_Sources/w25q80dv_flash_driver.o
                0x00000000080017b4                w25q80dvFlashDriverInit
 .text.w25q80dvFlashDriverGetStatus
                0x00000000080017c2       0x22 ./CycloneBOOT_Sources/w25q80dv_flash_driver.o
                0x00000000080017c2                w25q80dvFlashDriverGetStatus
 .text.w25q80dvFlashDriverErase
                0x00000000080017e4       0x50 ./CycloneBOOT_Sources/w25q80dv_flash_driver.o
                0x00000000080017e4                w25q80dvFlashDriverErase
 .text.w25q80dvFlashDriverWrite
                0x0000000008001834       0x86 ./CycloneBOOT_Sources/w25q80dv_flash_driver.o
                0x0000000008001834                w25q80dvFlashDriverWrite
 .text.w25q80dvFlashDriverRead
                0x00000000080018ba       0x26 ./CycloneBOOT_Sources/w25q80dv_flash_driver.o
                0x00000000080018ba                w25q80dvFlashDriverRead
 .text.HAL_InitTick
                0x00000000080018e0       0x50 ./Drivers/STM32WLxx_HAL_Driver/Src/stm32wlxx_hal.o
                0x00000000080018e0                HAL_InitTick
 .text.HAL_Init
                0x0000000008001930       0x2c ./Drivers/STM32WLxx_HAL_Driver/Src/stm32wlxx_hal.o
                0x0000000008001930                HAL_Init
 .text.HAL_IncTick
                0x000000000800195c       0x18 ./Drivers/STM32WLxx_HAL_Driver/Src/stm32wlxx_hal.o
                0x000000000800195c                HAL_IncTick
 .text.HAL_GetTick
                0x0000000008001974        0xc ./Drivers/STM32WLxx_HAL_Driver/Src/stm32wlxx_hal.o
                0x0000000008001974                HAL_GetTick
 .text.HAL_Delay
                0x0000000008001980       0x28 ./Drivers/STM32WLxx_HAL_Driver/Src/stm32wlxx_hal.o
                0x0000000008001980                HAL_Delay
 .text.HAL_NVIC_SetPriorityGrouping
                0x00000000080019a8       0x24 ./Drivers/STM32WLxx_HAL_Driver/Src/stm32wlxx_hal_cortex.o
                0x00000000080019a8                HAL_NVIC_SetPriorityGrouping
 .text.HAL_NVIC_SetPriority
                0x00000000080019cc       0x6c ./Drivers/STM32WLxx_HAL_Driver/Src/stm32wlxx_hal_cortex.o
                0x00000000080019cc                HAL_NVIC_SetPriority
 .text.HAL_NVIC_EnableIRQ
                0x0000000008001a38       0x1c ./Drivers/STM32WLxx_HAL_Driver/Src/stm32wlxx_hal_cortex.o
                0x0000000008001a38                HAL_NVIC_EnableIRQ
 .text.HAL_SYSTICK_Config
                0x0000000008001a54       0x28 ./Drivers/STM32WLxx_HAL_Driver/Src/stm32wlxx_hal_cortex.o
                0x0000000008001a54                HAL_SYSTICK_Config
 .text.HAL_DMA_Abort
                0x0000000008001a7c       0x74 ./Drivers/STM32WLxx_HAL_Driver/Src/stm32wlxx_hal_dma.o
                0x0000000008001a7c                HAL_DMA_Abort
 .text.HAL_DMA_Abort_IT
                0x0000000008001af0       0x72 ./Drivers/STM32WLxx_HAL_Driver/Src/stm32wlxx_hal_dma.o
                0x0000000008001af0                HAL_DMA_Abort_IT
 *fill*         0x0000000008001b62        0x2 
 .text.FLASH_Program_Fast
                0x0000000008001b64       0x38 ./Drivers/STM32WLxx_HAL_Driver/Src/stm32wlxx_hal_flash.o
 .text.HAL_FLASH_Unlock
                0x0000000008001b9c       0x28 ./Drivers/STM32WLxx_HAL_Driver/Src/stm32wlxx_hal_flash.o
                0x0000000008001b9c                HAL_FLASH_Unlock
 .text.HAL_FLASH_Lock
                0x0000000008001bc4       0x18 ./Drivers/STM32WLxx_HAL_Driver/Src/stm32wlxx_hal_flash.o
                0x0000000008001bc4                HAL_FLASH_Lock
 .text.FLASH_WaitForLastOperation
                0x0000000008001bdc       0x6c ./Drivers/STM32WLxx_HAL_Driver/Src/stm32wlxx_hal_flash.o
                0x0000000008001bdc                FLASH_WaitForLastOperation
 .text.HAL_FLASH_Program
                0x0000000008001c48       0x6c ./Drivers/STM32WLxx_HAL_Driver/Src/stm32wlxx_hal_flash.o
                0x0000000008001c48                HAL_FLASH_Program
 .text.FLASH_PageErase
                0x0000000008001cb4       0x1c ./Drivers/STM32WLxx_HAL_Driver/Src/stm32wlxx_hal_flash_ex.o
                0x0000000008001cb4                FLASH_PageErase
 .text.HAL_FLASHEx_Erase
                0x0000000008001cd0       0xa4 ./Drivers/STM32WLxx_HAL_Driver/Src/stm32wlxx_hal_flash_ex.o
                0x0000000008001cd0                HAL_FLASHEx_Erase
 .text.HAL_GPIO_Init
                0x0000000008001d74      0x190 ./Drivers/STM32WLxx_HAL_Driver/Src/stm32wlxx_hal_gpio.o
                0x0000000008001d74                HAL_GPIO_Init
 .text.HAL_GPIO_WritePin
                0x0000000008001f04        0xa ./Drivers/STM32WLxx_HAL_Driver/Src/stm32wlxx_hal_gpio.o
                0x0000000008001f04                HAL_GPIO_WritePin
 *fill*         0x0000000008001f0e        0x2 
 .text.HAL_PWR_EnableBkUpAccess
                0x0000000008001f10       0x10 ./Drivers/STM32WLxx_HAL_Driver/Src/stm32wlxx_hal_pwr.o
                0x0000000008001f10                HAL_PWR_EnableBkUpAccess
 .text.HAL_PWREx_GetVoltageRange
                0x0000000008001f20       0x10 ./Drivers/STM32WLxx_HAL_Driver/Src/stm32wlxx_hal_pwr_ex.o
                0x0000000008001f20                HAL_PWREx_GetVoltageRange
 .text.RCC_SetFlashLatencyFromMSIRange
                0x0000000008001f30       0xf4 ./Drivers/STM32WLxx_HAL_Driver/Src/stm32wlxx_hal_rcc.o
 .text.HAL_RCC_GetSysClockFreq
                0x0000000008002024      0x118 ./Drivers/STM32WLxx_HAL_Driver/Src/stm32wlxx_hal_rcc.o
                0x0000000008002024                HAL_RCC_GetSysClockFreq
 .text.HAL_RCC_GetHCLKFreq
                0x000000000800213c       0x20 ./Drivers/STM32WLxx_HAL_Driver/Src/stm32wlxx_hal_rcc.o
                0x000000000800213c                HAL_RCC_GetHCLKFreq
 .text.HAL_RCC_OscConfig
                0x000000000800215c      0x658 ./Drivers/STM32WLxx_HAL_Driver/Src/stm32wlxx_hal_rcc.o
                0x000000000800215c                HAL_RCC_OscConfig
 .text.HAL_RCC_ClockConfig
                0x00000000080027b4      0x228 ./Drivers/STM32WLxx_HAL_Driver/Src/stm32wlxx_hal_rcc.o
                0x00000000080027b4                HAL_RCC_ClockConfig
 .text.HAL_RCC_GetPCLK1Freq
                0x00000000080029dc       0x20 ./Drivers/STM32WLxx_HAL_Driver/Src/stm32wlxx_hal_rcc.o
                0x00000000080029dc                HAL_RCC_GetPCLK1Freq
 .text.HAL_RCC_GetPCLK2Freq
                0x00000000080029fc       0x20 ./Drivers/STM32WLxx_HAL_Driver/Src/stm32wlxx_hal_rcc.o
                0x00000000080029fc                HAL_RCC_GetPCLK2Freq
 .text.HAL_RCCEx_PeriphCLKConfig
                0x0000000008002a1c      0x278 ./Drivers/STM32WLxx_HAL_Driver/Src/stm32wlxx_hal_rcc_ex.o
                0x0000000008002a1c                HAL_RCCEx_PeriphCLKConfig
 .text.HAL_RTC_WaitForSynchro
                0x0000000008002c94       0x34 ./Drivers/STM32WLxx_HAL_Driver/Src/stm32wlxx_hal_rtc.o
                0x0000000008002c94                HAL_RTC_WaitForSynchro
 .text.RTC_EnterInitMode
                0x0000000008002cc8       0x58 ./Drivers/STM32WLxx_HAL_Driver/Src/stm32wlxx_hal_rtc.o
                0x0000000008002cc8                RTC_EnterInitMode
 .text.RTC_ExitInitMode
                0x0000000008002d20       0x4c ./Drivers/STM32WLxx_HAL_Driver/Src/stm32wlxx_hal_rtc.o
                0x0000000008002d20                RTC_ExitInitMode
 .text.HAL_RTC_Init
                0x0000000008002d6c       0xb4 ./Drivers/STM32WLxx_HAL_Driver/Src/stm32wlxx_hal_rtc.o
                0x0000000008002d6c                HAL_RTC_Init
 .text.RTC_ByteToBcd2
                0x0000000008002e20       0x1c ./Drivers/STM32WLxx_HAL_Driver/Src/stm32wlxx_hal_rtc.o
                0x0000000008002e20                RTC_ByteToBcd2
 .text.HAL_RTC_SetTime
                0x0000000008002e3c       0xdc ./Drivers/STM32WLxx_HAL_Driver/Src/stm32wlxx_hal_rtc.o
                0x0000000008002e3c                HAL_RTC_SetTime
 .text.HAL_RTC_SetDate
                0x0000000008002f18       0xb0 ./Drivers/STM32WLxx_HAL_Driver/Src/stm32wlxx_hal_rtc.o
                0x0000000008002f18                HAL_RTC_SetDate
 .text.HAL_RTC_SetAlarm
                0x0000000008002fc8      0x184 ./Drivers/STM32WLxx_HAL_Driver/Src/stm32wlxx_hal_rtc.o
                0x0000000008002fc8                HAL_RTC_SetAlarm
 .text.SPI_WaitFlagStateUntilTimeout
                0x000000000800314c       0xd8 ./Drivers/STM32WLxx_HAL_Driver/Src/stm32wlxx_hal_spi.o
 .text.SPI_WaitFifoStateUntilTimeout
                0x0000000008003224       0xfc ./Drivers/STM32WLxx_HAL_Driver/Src/stm32wlxx_hal_spi.o
 .text.SPI_EndRxTxTransaction
                0x0000000008003320       0x62 ./Drivers/STM32WLxx_HAL_Driver/Src/stm32wlxx_hal_spi.o
 .text.SPI_EndRxTransaction
                0x0000000008003382       0x82 ./Drivers/STM32WLxx_HAL_Driver/Src/stm32wlxx_hal_spi.o
 .text.HAL_SPI_Init
                0x0000000008003404      0x122 ./Drivers/STM32WLxx_HAL_Driver/Src/stm32wlxx_hal_spi.o
                0x0000000008003404                HAL_SPI_Init
 .text.HAL_SPI_Transmit
                0x0000000008003526      0x228 ./Drivers/STM32WLxx_HAL_Driver/Src/stm32wlxx_hal_spi.o
                0x0000000008003526                HAL_SPI_Transmit
 .text.HAL_SPI_TransmitReceive
                0x000000000800374e      0x418 ./Drivers/STM32WLxx_HAL_Driver/Src/stm32wlxx_hal_spi.o
                0x000000000800374e                HAL_SPI_TransmitReceive
 .text.HAL_SPI_Receive
                0x0000000008003b66      0x2b4 ./Drivers/STM32WLxx_HAL_Driver/Src/stm32wlxx_hal_spi.o
                0x0000000008003b66                HAL_SPI_Receive
 .text.UART_EndRxTransfer
                0x0000000008003e1a       0x56 ./Drivers/STM32WLxx_HAL_Driver/Src/stm32wlxx_hal_uart.o
 .text.HAL_UART_TxCpltCallback
                0x0000000008003e70        0x2 ./Drivers/STM32WLxx_HAL_Driver/Src/stm32wlxx_hal_uart.o
                0x0000000008003e70                HAL_UART_TxCpltCallback
 .text.HAL_UART_ErrorCallback
                0x0000000008003e72        0x2 ./Drivers/STM32WLxx_HAL_Driver/Src/stm32wlxx_hal_uart.o
                0x0000000008003e72                HAL_UART_ErrorCallback
 .text.UART_DMAAbortOnError
                0x0000000008003e74       0x14 ./Drivers/STM32WLxx_HAL_Driver/Src/stm32wlxx_hal_uart.o
 .text.HAL_UARTEx_RxEventCallback
                0x0000000008003e88        0x2 ./Drivers/STM32WLxx_HAL_Driver/Src/stm32wlxx_hal_uart.o
                0x0000000008003e88                HAL_UARTEx_RxEventCallback
 *fill*         0x0000000008003e8a        0x2 
 .text.HAL_UART_IRQHandler
                0x0000000008003e8c      0x36c ./Drivers/STM32WLxx_HAL_Driver/Src/stm32wlxx_hal_uart.o
                0x0000000008003e8c                HAL_UART_IRQHandler
 .text.UART_SetConfig
                0x00000000080041f8      0x2f4 ./Drivers/STM32WLxx_HAL_Driver/Src/stm32wlxx_hal_uart.o
                0x00000000080041f8                UART_SetConfig
 .text.UART_AdvFeatureConfig
                0x00000000080044ec       0xca ./Drivers/STM32WLxx_HAL_Driver/Src/stm32wlxx_hal_uart.o
                0x00000000080044ec                UART_AdvFeatureConfig
 .text.UART_WaitOnFlagUntilTimeout
                0x00000000080045b6       0xde ./Drivers/STM32WLxx_HAL_Driver/Src/stm32wlxx_hal_uart.o
                0x00000000080045b6                UART_WaitOnFlagUntilTimeout
 .text.HAL_UART_Transmit
                0x0000000008004694       0xd2 ./Drivers/STM32WLxx_HAL_Driver/Src/stm32wlxx_hal_uart.o
                0x0000000008004694                HAL_UART_Transmit
 .text.UART_CheckIdleState
                0x0000000008004766       0x76 ./Drivers/STM32WLxx_HAL_Driver/Src/stm32wlxx_hal_uart.o
                0x0000000008004766                UART_CheckIdleState
 .text.HAL_UART_Init
                0x00000000080047dc       0x66 ./Drivers/STM32WLxx_HAL_Driver/Src/stm32wlxx_hal_uart.o
                0x00000000080047dc                HAL_UART_Init
 *fill*         0x0000000008004842        0x2 
 .text.UARTEx_SetNbDataToProcess
                0x0000000008004844       0x4c ./Drivers/STM32WLxx_HAL_Driver/Src/stm32wlxx_hal_uart_ex.o
 .text.HAL_UARTEx_WakeupCallback
                0x0000000008004890        0x2 ./Drivers/STM32WLxx_HAL_Driver/Src/stm32wlxx_hal_uart_ex.o
                0x0000000008004890                HAL_UARTEx_WakeupCallback
 .text.HAL_UARTEx_RxFifoFullCallback
                0x0000000008004892        0x2 ./Drivers/STM32WLxx_HAL_Driver/Src/stm32wlxx_hal_uart_ex.o
                0x0000000008004892                HAL_UARTEx_RxFifoFullCallback
 .text.HAL_UARTEx_TxFifoEmptyCallback
                0x0000000008004894        0x2 ./Drivers/STM32WLxx_HAL_Driver/Src/stm32wlxx_hal_uart_ex.o
                0x0000000008004894                HAL_UARTEx_TxFifoEmptyCallback
 .text.HAL_UARTEx_DisableFifoMode
                0x0000000008004896       0x3e ./Drivers/STM32WLxx_HAL_Driver/Src/stm32wlxx_hal_uart_ex.o
                0x0000000008004896                HAL_UARTEx_DisableFifoMode
 .text.HAL_UARTEx_SetTxFifoThreshold
                0x00000000080048d4       0x4a ./Drivers/STM32WLxx_HAL_Driver/Src/stm32wlxx_hal_uart_ex.o
                0x00000000080048d4                HAL_UARTEx_SetTxFifoThreshold
 .text.HAL_UARTEx_SetRxFifoThreshold
                0x000000000800491e       0x4a ./Drivers/STM32WLxx_HAL_Driver/Src/stm32wlxx_hal_uart_ex.o
                0x000000000800491e                HAL_UARTEx_SetRxFifoThreshold
 .text.Flash__SpiWrite
                0x0000000008004968       0x18 ./FloodnetDriver/ExtFlash.o
                0x0000000008004968                Flash__SpiWrite
 .text.Flash__SpiRead
                0x0000000008004980       0x1e ./FloodnetDriver/ExtFlash.o
                0x0000000008004980                Flash__SpiRead
 .text.Flash__WriteEnable
                0x000000000800499e       0x12 ./FloodnetDriver/ExtFlash.o
                0x000000000800499e                Flash__WriteEnable
 .text.Flash__GetJEDEC_ID
                0x00000000080049b0       0x30 ./FloodnetDriver/ExtFlash.o
                0x00000000080049b0                Flash__GetJEDEC_ID
 .text.Flash__Init
                0x00000000080049e0       0x30 ./FloodnetDriver/ExtFlash.o
                0x00000000080049e0                Flash__Init
 .text.Flash__ReadDeviceStatus1
                0x0000000008004a10       0x1a ./FloodnetDriver/ExtFlash.o
                0x0000000008004a10                Flash__ReadDeviceStatus1
 .text.Flash__ReadDeviceStatus2
                0x0000000008004a2a       0x1a ./FloodnetDriver/ExtFlash.o
                0x0000000008004a2a                Flash__ReadDeviceStatus2
 .text.Flash__ReadDeviceStatus
                0x0000000008004a44       0x14 ./FloodnetDriver/ExtFlash.o
                0x0000000008004a44                Flash__ReadDeviceStatus
 .text.Flash__ReadBuffer
                0x0000000008004a58       0x4a ./FloodnetDriver/ExtFlash.o
                0x0000000008004a58                Flash__ReadBuffer
 .text.flashWaitWhileBusy
                0x0000000008004aa2       0x1c ./FloodnetDriver/ExtFlash.o
                0x0000000008004aa2                flashWaitWhileBusy
 .text.Flash__PageProgram
                0x0000000008004abe       0x6c ./FloodnetDriver/ExtFlash.o
                0x0000000008004abe                Flash__PageProgram
 .text.Flash__SectorErase4k
                0x0000000008004b2a       0x48 ./FloodnetDriver/ExtFlash.o
                0x0000000008004b2a                Flash__SectorErase4k
 *fill*         0x0000000008004b72        0x2 
 .text.Spi1_AssertCs
                0x0000000008004b74       0x14 ./FloodnetDriver/Spi.o
                0x0000000008004b74                Spi1_AssertCs
 .text.Spi1_DeassertCs
                0x0000000008004b88       0x14 ./FloodnetDriver/Spi.o
                0x0000000008004b88                Spi1_DeassertCs
 .text.Spi1_Transmit
                0x0000000008004b9c       0x1c ./FloodnetDriver/Spi.o
                0x0000000008004b9c                Spi1_Transmit
 .text.Spi1_Receive
                0x0000000008004bb8       0x1c ./FloodnetDriver/Spi.o
                0x0000000008004bb8                Spi1_Receive
 .text.malloc   0x0000000008004bd4       0x10 C:/ST/STM32CubeIDE_1.13.1/STM32CubeIDE/plugins/com.st.stm32cube.ide.mcu.externaltools.gnu-tools-for-stm32.11.3.rel1.win32_1.1.0.202305231506/tools/bin/../lib/gcc/arm-none-eabi/11.3.1/../../../../arm-none-eabi/lib/thumb/v7e-m/nofp\libc_nano.a(libc_a-malloc.o)
                0x0000000008004bd4                malloc
 .text.free     0x0000000008004be4       0x10 C:/ST/STM32CubeIDE_1.13.1/STM32CubeIDE/plugins/com.st.stm32cube.ide.mcu.externaltools.gnu-tools-for-stm32.11.3.rel1.win32_1.1.0.202305231506/tools/bin/../lib/gcc/arm-none-eabi/11.3.1/../../../../arm-none-eabi/lib/thumb/v7e-m/nofp\libc_nano.a(libc_a-malloc.o)
                0x0000000008004be4                free
 .text.sbrk_aligned
                0x0000000008004bf4       0x40 C:/ST/STM32CubeIDE_1.13.1/STM32CubeIDE/plugins/com.st.stm32cube.ide.mcu.externaltools.gnu-tools-for-stm32.11.3.rel1.win32_1.1.0.202305231506/tools/bin/../lib/gcc/arm-none-eabi/11.3.1/../../../../arm-none-eabi/lib/thumb/v7e-m/nofp\libc_nano.a(libc_a-mallocr.o)
 .text._malloc_r
                0x0000000008004c34      0x100 C:/ST/STM32CubeIDE_1.13.1/STM32CubeIDE/plugins/com.st.stm32cube.ide.mcu.externaltools.gnu-tools-for-stm32.11.3.rel1.win32_1.1.0.202305231506/tools/bin/../lib/gcc/arm-none-eabi/11.3.1/../../../../arm-none-eabi/lib/thumb/v7e-m/nofp\libc_nano.a(libc_a-mallocr.o)
                0x0000000008004c34                _malloc_r
 .text.__malloc_lock
                0x0000000008004d34        0xc C:/ST/STM32CubeIDE_1.13.1/STM32CubeIDE/plugins/com.st.stm32cube.ide.mcu.externaltools.gnu-tools-for-stm32.11.3.rel1.win32_1.1.0.202305231506/tools/bin/../lib/gcc/arm-none-eabi/11.3.1/../../../../arm-none-eabi/lib/thumb/v7e-m/nofp\libc_nano.a(libc_a-mlock.o)
                0x0000000008004d34                __malloc_lock
 .text.__malloc_unlock
                0x0000000008004d40        0xc C:/ST/STM32CubeIDE_1.13.1/STM32CubeIDE/plugins/com.st.stm32cube.ide.mcu.externaltools.gnu-tools-for-stm32.11.3.rel1.win32_1.1.0.202305231506/tools/bin/../lib/gcc/arm-none-eabi/11.3.1/../../../../arm-none-eabi/lib/thumb/v7e-m/nofp\libc_nano.a(libc_a-mlock.o)
                0x0000000008004d40                __malloc_unlock
 .text.std      0x0000000008004d4c       0x48 C:/ST/STM32CubeIDE_1.13.1/STM32CubeIDE/plugins/com.st.stm32cube.ide.mcu.externaltools.gnu-tools-for-stm32.11.3.rel1.win32_1.1.0.202305231506/tools/bin/../lib/gcc/arm-none-eabi/11.3.1/../../../../arm-none-eabi/lib/thumb/v7e-m/nofp\libc_nano.a(libc_a-findfp.o)
 .text.stdio_exit_handler
                0x0000000008004d94       0x18 C:/ST/STM32CubeIDE_1.13.1/STM32CubeIDE/plugins/com.st.stm32cube.ide.mcu.externaltools.gnu-tools-for-stm32.11.3.rel1.win32_1.1.0.202305231506/tools/bin/../lib/gcc/arm-none-eabi/11.3.1/../../../../arm-none-eabi/lib/thumb/v7e-m/nofp\libc_nano.a(libc_a-findfp.o)
 .text.cleanup_stdio
                0x0000000008004dac       0x40 C:/ST/STM32CubeIDE_1.13.1/STM32CubeIDE/plugins/com.st.stm32cube.ide.mcu.externaltools.gnu-tools-for-stm32.11.3.rel1.win32_1.1.0.202305231506/tools/bin/../lib/gcc/arm-none-eabi/11.3.1/../../../../arm-none-eabi/lib/thumb/v7e-m/nofp\libc_nano.a(libc_a-findfp.o)
 .text.global_stdio_init.part.0
                0x0000000008004dec       0x3c C:/ST/STM32CubeIDE_1.13.1/STM32CubeIDE/plugins/com.st.stm32cube.ide.mcu.externaltools.gnu-tools-for-stm32.11.3.rel1.win32_1.1.0.202305231506/tools/bin/../lib/gcc/arm-none-eabi/11.3.1/../../../../arm-none-eabi/lib/thumb/v7e-m/nofp\libc_nano.a(libc_a-findfp.o)
 .text.__sfp_lock_acquire
                0x0000000008004e28        0xc C:/ST/STM32CubeIDE_1.13.1/STM32CubeIDE/plugins/com.st.stm32cube.ide.mcu.externaltools.gnu-tools-for-stm32.11.3.rel1.win32_1.1.0.202305231506/tools/bin/../lib/gcc/arm-none-eabi/11.3.1/../../../../arm-none-eabi/lib/thumb/v7e-m/nofp\libc_nano.a(libc_a-findfp.o)
                0x0000000008004e28                __sfp_lock_acquire
 .text.__sfp_lock_release
                0x0000000008004e34        0xc C:/ST/STM32CubeIDE_1.13.1/STM32CubeIDE/plugins/com.st.stm32cube.ide.mcu.externaltools.gnu-tools-for-stm32.11.3.rel1.win32_1.1.0.202305231506/tools/bin/../lib/gcc/arm-none-eabi/11.3.1/../../../../arm-none-eabi/lib/thumb/v7e-m/nofp\libc_nano.a(libc_a-findfp.o)
                0x0000000008004e34                __sfp_lock_release
 .text.__sinit  0x0000000008004e40       0x30 C:/ST/STM32CubeIDE_1.13.1/STM32CubeIDE/plugins/com.st.stm32cube.ide.mcu.externaltools.gnu-tools-for-stm32.11.3.rel1.win32_1.1.0.202305231506/tools/bin/../lib/gcc/arm-none-eabi/11.3.1/../../../../arm-none-eabi/lib/thumb/v7e-m/nofp\libc_nano.a(libc_a-findfp.o)
                0x0000000008004e40                __sinit
 .text.fprintf  0x0000000008004e70       0x24 C:/ST/STM32CubeIDE_1.13.1/STM32CubeIDE/plugins/com.st.stm32cube.ide.mcu.externaltools.gnu-tools-for-stm32.11.3.rel1.win32_1.1.0.202305231506/tools/bin/../lib/gcc/arm-none-eabi/11.3.1/../../../../arm-none-eabi/lib/thumb/v7e-m/nofp\libc_nano.a(libc_a-fprintf.o)
                0x0000000008004e70                fiprintf
                0x0000000008004e70                fprintf
 .text._fwalk_sglue
                0x0000000008004e94       0x3c C:/ST/STM32CubeIDE_1.13.1/STM32CubeIDE/plugins/com.st.stm32cube.ide.mcu.externaltools.gnu-tools-for-stm32.11.3.rel1.win32_1.1.0.202305231506/tools/bin/../lib/gcc/arm-none-eabi/11.3.1/../../../../arm-none-eabi/lib/thumb/v7e-m/nofp\libc_nano.a(libc_a-fwalk.o)
                0x0000000008004e94                _fwalk_sglue
 .text._fwrite_r
                0x0000000008004ed0       0x96 C:/ST/STM32CubeIDE_1.13.1/STM32CubeIDE/plugins/com.st.stm32cube.ide.mcu.externaltools.gnu-tools-for-stm32.11.3.rel1.win32_1.1.0.202305231506/tools/bin/../lib/gcc/arm-none-eabi/11.3.1/../../../../arm-none-eabi/lib/thumb/v7e-m/nofp\libc_nano.a(libc_a-fwrite.o)
                0x0000000008004ed0                _fwrite_r
 *fill*         0x0000000008004f66        0x2 
 .text.fwrite   0x0000000008004f68       0x1c C:/ST/STM32CubeIDE_1.13.1/STM32CubeIDE/plugins/com.st.stm32cube.ide.mcu.externaltools.gnu-tools-for-stm32.11.3.rel1.win32_1.1.0.202305231506/tools/bin/../lib/gcc/arm-none-eabi/11.3.1/../../../../arm-none-eabi/lib/thumb/v7e-m/nofp\libc_nano.a(libc_a-fwrite.o)
                0x0000000008004f68                fwrite
 .text.__sread  0x0000000008004f84       0x22 C:/ST/STM32CubeIDE_1.13.1/STM32CubeIDE/plugins/com.st.stm32cube.ide.mcu.externaltools.gnu-tools-for-stm32.11.3.rel1.win32_1.1.0.202305231506/tools/bin/../lib/gcc/arm-none-eabi/11.3.1/../../../../arm-none-eabi/lib/thumb/v7e-m/nofp\libc_nano.a(libc_a-stdio.o)
                0x0000000008004f84                __sread
 .text.__swrite
                0x0000000008004fa6       0x38 C:/ST/STM32CubeIDE_1.13.1/STM32CubeIDE/plugins/com.st.stm32cube.ide.mcu.externaltools.gnu-tools-for-stm32.11.3.rel1.win32_1.1.0.202305231506/tools/bin/../lib/gcc/arm-none-eabi/11.3.1/../../../../arm-none-eabi/lib/thumb/v7e-m/nofp\libc_nano.a(libc_a-stdio.o)
                0x0000000008004fa6                __swrite
 .text.__sseek  0x0000000008004fde       0x24 C:/ST/STM32CubeIDE_1.13.1/STM32CubeIDE/plugins/com.st.stm32cube.ide.mcu.externaltools.gnu-tools-for-stm32.11.3.rel1.win32_1.1.0.202305231506/tools/bin/../lib/gcc/arm-none-eabi/11.3.1/../../../../arm-none-eabi/lib/thumb/v7e-m/nofp\libc_nano.a(libc_a-stdio.o)
                0x0000000008004fde                __sseek
 .text.__sclose
                0x0000000008005002        0x8 C:/ST/STM32CubeIDE_1.13.1/STM32CubeIDE/plugins/com.st.stm32cube.ide.mcu.externaltools.gnu-tools-for-stm32.11.3.rel1.win32_1.1.0.202305231506/tools/bin/../lib/gcc/arm-none-eabi/11.3.1/../../../../arm-none-eabi/lib/thumb/v7e-m/nofp\libc_nano.a(libc_a-stdio.o)
                0x0000000008005002                __sclose
 .text.__swbuf_r
                0x000000000800500a       0x7a C:/ST/STM32CubeIDE_1.13.1/STM32CubeIDE/plugins/com.st.stm32cube.ide.mcu.externaltools.gnu-tools-for-stm32.11.3.rel1.win32_1.1.0.202305231506/tools/bin/../lib/gcc/arm-none-eabi/11.3.1/../../../../arm-none-eabi/lib/thumb/v7e-m/nofp\libc_nano.a(libc_a-wbuf.o)
                0x000000000800500a                __swbuf_r
 .text.__swsetup_r
                0x0000000008005084       0xb0 C:/ST/STM32CubeIDE_1.13.1/STM32CubeIDE/plugins/com.st.stm32cube.ide.mcu.externaltools.gnu-tools-for-stm32.11.3.rel1.win32_1.1.0.202305231506/tools/bin/../lib/gcc/arm-none-eabi/11.3.1/../../../../arm-none-eabi/lib/thumb/v7e-m/nofp\libc_nano.a(libc_a-wsetup.o)
                0x0000000008005084                __swsetup_r
 .text.memcmp   0x0000000008005134       0x20 C:/ST/STM32CubeIDE_1.13.1/STM32CubeIDE/plugins/com.st.stm32cube.ide.mcu.externaltools.gnu-tools-for-stm32.11.3.rel1.win32_1.1.0.202305231506/tools/bin/../lib/gcc/arm-none-eabi/11.3.1/../../../../arm-none-eabi/lib/thumb/v7e-m/nofp\libc_nano.a(libc_a-memcmp.o)
                0x0000000008005134                memcmp
 .text.memset   0x0000000008005154       0x10 C:/ST/STM32CubeIDE_1.13.1/STM32CubeIDE/plugins/com.st.stm32cube.ide.mcu.externaltools.gnu-tools-for-stm32.11.3.rel1.win32_1.1.0.202305231506/tools/bin/../lib/gcc/arm-none-eabi/11.3.1/../../../../arm-none-eabi/lib/thumb/v7e-m/nofp\libc_nano.a(libc_a-memset.o)
                0x0000000008005154                memset
 .text._close_r
                0x0000000008005164       0x20 C:/ST/STM32CubeIDE_1.13.1/STM32CubeIDE/plugins/com.st.stm32cube.ide.mcu.externaltools.gnu-tools-for-stm32.11.3.rel1.win32_1.1.0.202305231506/tools/bin/../lib/gcc/arm-none-eabi/11.3.1/../../../../arm-none-eabi/lib/thumb/v7e-m/nofp\libc_nano.a(libc_a-closer.o)
                0x0000000008005164                _close_r
 .text._lseek_r
                0x0000000008005184       0x24 C:/ST/STM32CubeIDE_1.13.1/STM32CubeIDE/plugins/com.st.stm32cube.ide.mcu.externaltools.gnu-tools-for-stm32.11.3.rel1.win32_1.1.0.202305231506/tools/bin/../lib/gcc/arm-none-eabi/11.3.1/../../../../arm-none-eabi/lib/thumb/v7e-m/nofp\libc_nano.a(libc_a-lseekr.o)
                0x0000000008005184                _lseek_r
 .text._read_r  0x00000000080051a8       0x24 C:/ST/STM32CubeIDE_1.13.1/STM32CubeIDE/plugins/com.st.stm32cube.ide.mcu.externaltools.gnu-tools-for-stm32.11.3.rel1.win32_1.1.0.202305231506/tools/bin/../lib/gcc/arm-none-eabi/11.3.1/../../../../arm-none-eabi/lib/thumb/v7e-m/nofp\libc_nano.a(libc_a-readr.o)
                0x00000000080051a8                _read_r
 .text._sbrk_r  0x00000000080051cc       0x20 C:/ST/STM32CubeIDE_1.13.1/STM32CubeIDE/plugins/com.st.stm32cube.ide.mcu.externaltools.gnu-tools-for-stm32.11.3.rel1.win32_1.1.0.202305231506/tools/bin/../lib/gcc/arm-none-eabi/11.3.1/../../../../arm-none-eabi/lib/thumb/v7e-m/nofp\libc_nano.a(libc_a-sbrkr.o)
                0x00000000080051cc                _sbrk_r
 .text._write_r
                0x00000000080051ec       0x24 C:/ST/STM32CubeIDE_1.13.1/STM32CubeIDE/plugins/com.st.stm32cube.ide.mcu.externaltools.gnu-tools-for-stm32.11.3.rel1.win32_1.1.0.202305231506/tools/bin/../lib/gcc/arm-none-eabi/11.3.1/../../../../arm-none-eabi/lib/thumb/v7e-m/nofp\libc_nano.a(libc_a-writer.o)
                0x00000000080051ec                _write_r
 .text.__errno  0x0000000008005210        0xc C:/ST/STM32CubeIDE_1.13.1/STM32CubeIDE/plugins/com.st.stm32cube.ide.mcu.externaltools.gnu-tools-for-stm32.11.3.rel1.win32_1.1.0.202305231506/tools/bin/../lib/gcc/arm-none-eabi/11.3.1/../../../../arm-none-eabi/lib/thumb/v7e-m/nofp\libc_nano.a(libc_a-errno.o)
                0x0000000008005210                __errno
 .text.__libc_init_array
                0x000000000800521c       0x48 C:/ST/STM32CubeIDE_1.13.1/STM32CubeIDE/plugins/com.st.stm32cube.ide.mcu.externaltools.gnu-tools-for-stm32.11.3.rel1.win32_1.1.0.202305231506/tools/bin/../lib/gcc/arm-none-eabi/11.3.1/../../../../arm-none-eabi/lib/thumb/v7e-m/nofp\libc_nano.a(libc_a-init.o)
                0x000000000800521c                __libc_init_array
 .text.__retarget_lock_acquire_recursive
                0x0000000008005264        0x2 C:/ST/STM32CubeIDE_1.13.1/STM32CubeIDE/plugins/com.st.stm32cube.ide.mcu.externaltools.gnu-tools-for-stm32.11.3.rel1.win32_1.1.0.202305231506/tools/bin/../lib/gcc/arm-none-eabi/11.3.1/../../../../arm-none-eabi/lib/thumb/v7e-m/nofp\libc_nano.a(libc_a-lock.o)
                0x0000000008005264                __retarget_lock_acquire_recursive
 .text.__retarget_lock_release_recursive
                0x0000000008005266        0x2 C:/ST/STM32CubeIDE_1.13.1/STM32CubeIDE/plugins/com.st.stm32cube.ide.mcu.externaltools.gnu-tools-for-stm32.11.3.rel1.win32_1.1.0.202305231506/tools/bin/../lib/gcc/arm-none-eabi/11.3.1/../../../../arm-none-eabi/lib/thumb/v7e-m/nofp\libc_nano.a(libc_a-lock.o)
                0x0000000008005266                __retarget_lock_release_recursive
 .text.memcpy   0x0000000008005268       0x1c C:/ST/STM32CubeIDE_1.13.1/STM32CubeIDE/plugins/com.st.stm32cube.ide.mcu.externaltools.gnu-tools-for-stm32.11.3.rel1.win32_1.1.0.202305231506/tools/bin/../lib/gcc/arm-none-eabi/11.3.1/../../../../arm-none-eabi/lib/thumb/v7e-m/nofp\libc_nano.a(libc_a-memcpy-stub.o)
                0x0000000008005268                memcpy
 .text._free_r  0x0000000008005284       0x94 C:/ST/STM32CubeIDE_1.13.1/STM32CubeIDE/plugins/com.st.stm32cube.ide.mcu.externaltools.gnu-tools-for-stm32.11.3.rel1.win32_1.1.0.202305231506/tools/bin/../lib/gcc/arm-none-eabi/11.3.1/../../../../arm-none-eabi/lib/thumb/v7e-m/nofp\libc_nano.a(libc_a-freer.o)
                0x0000000008005284                _free_r
 .text.__sfputc_r
                0x0000000008005318       0x2a C:/ST/STM32CubeIDE_1.13.1/STM32CubeIDE/plugins/com.st.stm32cube.ide.mcu.externaltools.gnu-tools-for-stm32.11.3.rel1.win32_1.1.0.202305231506/tools/bin/../lib/gcc/arm-none-eabi/11.3.1/../../../../arm-none-eabi/lib/thumb/v7e-m/nofp\libc_nano.a(libc_a-nano-vfprintf.o)
 .text.__sfputs_r
                0x0000000008005342       0x24 C:/ST/STM32CubeIDE_1.13.1/STM32CubeIDE/plugins/com.st.stm32cube.ide.mcu.externaltools.gnu-tools-for-stm32.11.3.rel1.win32_1.1.0.202305231506/tools/bin/../lib/gcc/arm-none-eabi/11.3.1/../../../../arm-none-eabi/lib/thumb/v7e-m/nofp\libc_nano.a(libc_a-nano-vfprintf.o)
                0x0000000008005342                __sfputs_r
 *fill*         0x0000000008005366        0x2 
 .text._vfprintf_r
                0x0000000008005368      0x234 C:/ST/STM32CubeIDE_1.13.1/STM32CubeIDE/plugins/com.st.stm32cube.ide.mcu.externaltools.gnu-tools-for-stm32.11.3.rel1.win32_1.1.0.202305231506/tools/bin/../lib/gcc/arm-none-eabi/11.3.1/../../../../arm-none-eabi/lib/thumb/v7e-m/nofp\libc_nano.a(libc_a-nano-vfprintf.o)
                0x0000000008005368                _vfprintf_r
                0x0000000008005368                _vfiprintf_r
 .text._printf_common
                0x000000000800559c       0xda C:/ST/STM32CubeIDE_1.13.1/STM32CubeIDE/plugins/com.st.stm32cube.ide.mcu.externaltools.gnu-tools-for-stm32.11.3.rel1.win32_1.1.0.202305231506/tools/bin/../lib/gcc/arm-none-eabi/11.3.1/../../../../arm-none-eabi/lib/thumb/v7e-m/nofp\libc_nano.a(libc_a-nano-vfprintf_i.o)
                0x000000000800559c                _printf_common
 *fill*         0x0000000008005676        0x2 
 .text._printf_i
                0x0000000008005678      0x244 C:/ST/STM32CubeIDE_1.13.1/STM32CubeIDE/plugins/com.st.stm32cube.ide.mcu.externaltools.gnu-tools-for-stm32.11.3.rel1.win32_1.1.0.202305231506/tools/bin/../lib/gcc/arm-none-eabi/11.3.1/../../../../arm-none-eabi/lib/thumb/v7e-m/nofp\libc_nano.a(libc_a-nano-vfprintf_i.o)
                0x0000000008005678                _printf_i
 .text.__sflush_r
                0x00000000080058bc      0x104 C:/ST/STM32CubeIDE_1.13.1/STM32CubeIDE/plugins/com.st.stm32cube.ide.mcu.externaltools.gnu-tools-for-stm32.11.3.rel1.win32_1.1.0.202305231506/tools/bin/../lib/gcc/arm-none-eabi/11.3.1/../../../../arm-none-eabi/lib/thumb/v7e-m/nofp\libc_nano.a(libc_a-fflush.o)
                0x00000000080058bc                __sflush_r
 .text._fflush_r
                0x00000000080059c0       0x50 C:/ST/STM32CubeIDE_1.13.1/STM32CubeIDE/plugins/com.st.stm32cube.ide.mcu.externaltools.gnu-tools-for-stm32.11.3.rel1.win32_1.1.0.202305231506/tools/bin/../lib/gcc/arm-none-eabi/11.3.1/../../../../arm-none-eabi/lib/thumb/v7e-m/nofp\libc_nano.a(libc_a-fflush.o)
                0x00000000080059c0                _fflush_r
 .text.__swhatbuf_r
                0x0000000008005a10       0x4c C:/ST/STM32CubeIDE_1.13.1/STM32CubeIDE/plugins/com.st.stm32cube.ide.mcu.externaltools.gnu-tools-for-stm32.11.3.rel1.win32_1.1.0.202305231506/tools/bin/../lib/gcc/arm-none-eabi/11.3.1/../../../../arm-none-eabi/lib/thumb/v7e-m/nofp\libc_nano.a(libc_a-makebuf.o)
                0x0000000008005a10                __swhatbuf_r
 .text.__smakebuf_r
                0x0000000008005a5c       0x78 C:/ST/STM32CubeIDE_1.13.1/STM32CubeIDE/plugins/com.st.stm32cube.ide.mcu.externaltools.gnu-tools-for-stm32.11.3.rel1.win32_1.1.0.202305231506/tools/bin/../lib/gcc/arm-none-eabi/11.3.1/../../../../arm-none-eabi/lib/thumb/v7e-m/nofp\libc_nano.a(libc_a-makebuf.o)
                0x0000000008005a5c                __smakebuf_r
 .text._fstat_r
                0x0000000008005ad4       0x24 C:/ST/STM32CubeIDE_1.13.1/STM32CubeIDE/plugins/com.st.stm32cube.ide.mcu.externaltools.gnu-tools-for-stm32.11.3.rel1.win32_1.1.0.202305231506/tools/bin/../lib/gcc/arm-none-eabi/11.3.1/../../../../arm-none-eabi/lib/thumb/v7e-m/nofp\libc_nano.a(libc_a-fstatr.o)
                0x0000000008005ad4                _fstat_r
 .text._isatty_r
                0x0000000008005af8       0x20 C:/ST/STM32CubeIDE_1.13.1/STM32CubeIDE/plugins/com.st.stm32cube.ide.mcu.externaltools.gnu-tools-for-stm32.11.3.rel1.win32_1.1.0.202305231506/tools/bin/../lib/gcc/arm-none-eabi/11.3.1/../../../../arm-none-eabi/lib/thumb/v7e-m/nofp\libc_nano.a(libc_a-isattyr.o)
                0x0000000008005af8                _isatty_r
 *(.glue_7)
 .glue_7        0x0000000008005b18        0x0 linker stubs
 *(.glue_7t)
 .glue_7t       0x0000000008005b18        0x0 linker stubs
 *(.eh_frame)
 .eh_frame      0x0000000008005b18        0x0 C:/ST/STM32CubeIDE_1.13.1/STM32CubeIDE/plugins/com.st.stm32cube.ide.mcu.externaltools.gnu-tools-for-stm32.11.3.rel1.win32_1.1.0.202305231506/tools/bin/../lib/gcc/arm-none-eabi/11.3.1/thumb/v7e-m/nofp/crtbegin.o
 *(.init)
 .init          0x0000000008005b18        0x4 C:/ST/STM32CubeIDE_1.13.1/STM32CubeIDE/plugins/com.st.stm32cube.ide.mcu.externaltools.gnu-tools-for-stm32.11.3.rel1.win32_1.1.0.202305231506/tools/bin/../lib/gcc/arm-none-eabi/11.3.1/thumb/v7e-m/nofp/crti.o
                0x0000000008005b18                _init
 .init          0x0000000008005b1c        0x8 C:/ST/STM32CubeIDE_1.13.1/STM32CubeIDE/plugins/com.st.stm32cube.ide.mcu.externaltools.gnu-tools-for-stm32.11.3.rel1.win32_1.1.0.202305231506/tools/bin/../lib/gcc/arm-none-eabi/11.3.1/thumb/v7e-m/nofp/crtn.o
 *(.fini)
 .fini          0x0000000008005b24        0x4 C:/ST/STM32CubeIDE_1.13.1/STM32CubeIDE/plugins/com.st.stm32cube.ide.mcu.externaltools.gnu-tools-for-stm32.11.3.rel1.win32_1.1.0.202305231506/tools/bin/../lib/gcc/arm-none-eabi/11.3.1/thumb/v7e-m/nofp/crti.o
                0x0000000008005b24                _fini
 .fini          0x0000000008005b28        0x8 C:/ST/STM32CubeIDE_1.13.1/STM32CubeIDE/plugins/com.st.stm32cube.ide.mcu.externaltools.gnu-tools-for-stm32.11.3.rel1.win32_1.1.0.202305231506/tools/bin/../lib/gcc/arm-none-eabi/11.3.1/thumb/v7e-m/nofp/crtn.o
                0x0000000008005b30                . = ALIGN (0x4)
                0x0000000008005b30                _etext = .

.vfp11_veneer   0x0000000008005b30        0x0
 .vfp11_veneer  0x0000000008005b30        0x0 linker stubs

.v4_bx          0x0000000008005b30        0x0
 .v4_bx         0x0000000008005b30        0x0 linker stubs

.iplt           0x0000000008005b30        0x0
 .iplt          0x0000000008005b30        0x0 C:/ST/STM32CubeIDE_1.13.1/STM32CubeIDE/plugins/com.st.stm32cube.ide.mcu.externaltools.gnu-tools-for-stm32.11.3.rel1.win32_1.1.0.202305231506/tools/bin/../lib/gcc/arm-none-eabi/11.3.1/thumb/v7e-m/nofp/crtbegin.o

.code_in_ram    0x0000000008005b30       0xa8
 .code_in_ram   0x0000000008005b30       0xa8 ./CycloneBOOT_Sources/stm32wlxx_mcu_driver.o
                0x0000000008005b30                mcuJumpToApplication

.rodata         0x0000000008005bd8      0x76c
                0x0000000008005bd8                . = ALIGN (0x4)
 *(.rodata)
 .rodata        0x0000000008005bd8        0xc ./Drivers/STM32WLxx_HAL_Driver/Src/stm32wlxx_hal_rcc.o
 *(.rodata*)
 .rodata.main.str1.4
                0x0000000008005be4       0x3a ./Core/Src/main.o
 *fill*         0x0000000008005c1e        0x2 
 .rodata.AHBPrescTable
                0x0000000008005c20       0x40 ./Core/Src/system_stm32wlxx.o
                0x0000000008005c20                AHBPrescTable
 .rodata.APBPrescTable
                0x0000000008005c60       0x20 ./Core/Src/system_stm32wlxx.o
                0x0000000008005c60                APBPrescTable
 .rodata.MSIRangeTable
                0x0000000008005c80       0x40 ./Core/Src/system_stm32wlxx.o
                0x0000000008005c80                MSIRangeTable
 .rodata.str1.4
                0x0000000008005cc0        0x6 ./CycloneBOOT_Sources/crc32.o
 *fill*         0x0000000008005cc6        0x2 
 .rodata.crc32HashAlgo
                0x0000000008005cc8       0x34 ./CycloneBOOT_Sources/crc32.o
                0x0000000008005cc8                crc32HashAlgo
 .rodata.crc32Table
                0x0000000008005cfc      0x400 ./CycloneBOOT_Sources/crc32.o
 .rodata.imageCheckHeader.str1.4
                0x00000000080060fc       0x26 ./CycloneBOOT_Sources/image.o
 *fill*         0x0000000008006122        0x2 
 .rodata.stm32wlxxFlashDriverEraseSector.str1.4
                0x0000000008006124       0x86 ./CycloneBOOT_Sources/stm32wlxx_flash_driver.o
 *fill*         0x00000000080061aa        0x2 
 .rodata.stm32wlxxFlashDriverWriteWord.str1.4
                0x00000000080061ac       0x30 ./CycloneBOOT_Sources/stm32wlxx_flash_driver.o
 .rodata.stm32wlxxFlashDriverWrite.str1.4
                0x00000000080061dc       0x23 ./CycloneBOOT_Sources/stm32wlxx_flash_driver.o
 *fill*         0x00000000080061ff        0x1 
 .rodata.str1.4
                0x0000000008006200       0x19 ./CycloneBOOT_Sources/stm32wlxx_flash_driver.o
 *fill*         0x0000000008006219        0x3 
 .rodata.stm32wlxxFlashDriver
                0x000000000800621c       0x24 ./CycloneBOOT_Sources/stm32wlxx_flash_driver.o
                0x000000000800621c                stm32wlxxFlashDriver
 .rodata.stm32wlxxFlashDriverInfo
                0x0000000008006240       0x30 ./CycloneBOOT_Sources/stm32wlxx_flash_driver.o
                0x0000000008006240                stm32wlxxFlashDriverInfo
 .rodata.str1.4
                0x0000000008006270       0x21 ./CycloneBOOT_Sources/w25q80dv_flash_driver.o
 *fill*         0x0000000008006291        0x3 
 .rodata.w25q80dvFlashDriver
                0x0000000008006294       0x24 ./CycloneBOOT_Sources/w25q80dv_flash_driver.o
                0x0000000008006294                w25q80dvFlashDriver
 .rodata.w25q80dvFlashDriverInfo
                0x00000000080062b8       0x30 ./CycloneBOOT_Sources/w25q80dv_flash_driver.o
                0x00000000080062b8                w25q80dvFlashDriverInfo
 .rodata.UARTPrescTable
                0x00000000080062e8       0x18 ./Drivers/STM32WLxx_HAL_Driver/Src/stm32wlxx_hal_uart.o
                0x00000000080062e8                UARTPrescTable
 .rodata.denominator.0
                0x0000000008006300        0x8 ./Drivers/STM32WLxx_HAL_Driver/Src/stm32wlxx_hal_uart_ex.o
 .rodata.numerator.1
                0x0000000008006308        0x8 ./Drivers/STM32WLxx_HAL_Driver/Src/stm32wlxx_hal_uart_ex.o
 .rodata._vfprintf_r.str1.1
                0x0000000008006310       0x11 C:/ST/STM32CubeIDE_1.13.1/STM32CubeIDE/plugins/com.st.stm32cube.ide.mcu.externaltools.gnu-tools-for-stm32.11.3.rel1.win32_1.1.0.202305231506/tools/bin/../lib/gcc/arm-none-eabi/11.3.1/../../../../arm-none-eabi/lib/thumb/v7e-m/nofp\libc_nano.a(libc_a-nano-vfprintf.o)
 .rodata._printf_i.str1.1
                0x0000000008006321       0x22 C:/ST/STM32CubeIDE_1.13.1/STM32CubeIDE/plugins/com.st.stm32cube.ide.mcu.externaltools.gnu-tools-for-stm32.11.3.rel1.win32_1.1.0.202305231506/tools/bin/../lib/gcc/arm-none-eabi/11.3.1/../../../../arm-none-eabi/lib/thumb/v7e-m/nofp\libc_nano.a(libc_a-nano-vfprintf_i.o)
                0x0000000008006344                . = ALIGN (0x4)
 *fill*         0x0000000008006343        0x1 

.ARM.extab      0x0000000008006344        0x0
                0x0000000008006344                . = ALIGN (0x4)
 *(.ARM.extab* .gnu.linkonce.armextab.*)
                0x0000000008006344                . = ALIGN (0x4)

.ARM            0x0000000008006344        0x8
                0x0000000008006344                . = ALIGN (0x4)
                0x0000000008006344                __exidx_start = .
 *(.ARM.exidx*)
 .ARM.exidx     0x0000000008006344        0x8 C:/ST/STM32CubeIDE_1.13.1/STM32CubeIDE/plugins/com.st.stm32cube.ide.mcu.externaltools.gnu-tools-for-stm32.11.3.rel1.win32_1.1.0.202305231506/tools/bin/../lib/gcc/arm-none-eabi/11.3.1/thumb/v7e-m/nofp\libgcc.a(_udivmoddi4.o)
                0x000000000800634c                __exidx_end = .
                0x000000000800634c                . = ALIGN (0x4)

.rel.dyn        0x000000000800634c        0x0
 .rel.iplt      0x000000000800634c        0x0 C:/ST/STM32CubeIDE_1.13.1/STM32CubeIDE/plugins/com.st.stm32cube.ide.mcu.externaltools.gnu-tools-for-stm32.11.3.rel1.win32_1.1.0.202305231506/tools/bin/../lib/gcc/arm-none-eabi/11.3.1/thumb/v7e-m/nofp/crtbegin.o

.preinit_array  0x000000000800634c        0x0
                0x000000000800634c                . = ALIGN (0x4)
                0x000000000800634c                PROVIDE (__preinit_array_start = .)
 *(.preinit_array*)
                0x000000000800634c                PROVIDE (__preinit_array_end = .)
                0x000000000800634c                . = ALIGN (0x4)

.init_array     0x000000000800634c        0x4
                0x000000000800634c                . = ALIGN (0x4)
                0x000000000800634c                PROVIDE (__init_array_start = .)
 *(SORT_BY_NAME(.init_array.*))
 *(.init_array*)
 .init_array    0x000000000800634c        0x4 C:/ST/STM32CubeIDE_1.13.1/STM32CubeIDE/plugins/com.st.stm32cube.ide.mcu.externaltools.gnu-tools-for-stm32.11.3.rel1.win32_1.1.0.202305231506/tools/bin/../lib/gcc/arm-none-eabi/11.3.1/thumb/v7e-m/nofp/crtbegin.o
                0x0000000008006350                PROVIDE (__init_array_end = .)
                0x0000000008006350                . = ALIGN (0x4)

.fini_array     0x0000000008006350        0x4
                0x0000000008006350                . = ALIGN (0x4)
                [!provide]                        PROVIDE (__fini_array_start = .)
 *(SORT_BY_NAME(.fini_array.*))
 *(.fini_array*)
 .fini_array    0x0000000008006350        0x4 C:/ST/STM32CubeIDE_1.13.1/STM32CubeIDE/plugins/com.st.stm32cube.ide.mcu.externaltools.gnu-tools-for-stm32.11.3.rel1.win32_1.1.0.202305231506/tools/bin/../lib/gcc/arm-none-eabi/11.3.1/thumb/v7e-m/nofp/crtbegin.o
                [!provide]                        PROVIDE (__fini_array_end = .)
                0x0000000008006354                . = ALIGN (0x4)
                0x0000000008006354                _sidata = LOADADDR (.data)

.data           0x0000000020000080       0x68 load address 0x0000000008006354
                0x0000000020000080                . = ALIGN (0x4)
                0x0000000020000080                _sdata = .
 *(.data)
 *(.data*)
 .data.SystemCoreClock
                0x0000000020000080        0x4 ./Core/Src/system_stm32wlxx.o
                0x0000000020000080                SystemCoreClock
 .data.uwTickFreq
                0x0000000020000084        0x1 ./Drivers/STM32WLxx_HAL_Driver/Src/stm32wlxx_hal.o
                0x0000000020000084                uwTickFreq
 *fill*         0x0000000020000085        0x3 
 .data.uwTickPrio
                0x0000000020000088        0x4 ./Drivers/STM32WLxx_HAL_Driver/Src/stm32wlxx_hal.o
                0x0000000020000088                uwTickPrio
 .data.__sglue  0x000000002000008c        0xc C:/ST/STM32CubeIDE_1.13.1/STM32CubeIDE/plugins/com.st.stm32cube.ide.mcu.externaltools.gnu-tools-for-stm32.11.3.rel1.win32_1.1.0.202305231506/tools/bin/../lib/gcc/arm-none-eabi/11.3.1/../../../../arm-none-eabi/lib/thumb/v7e-m/nofp\libc_nano.a(libc_a-findfp.o)
                0x000000002000008c                __sglue
 .data._impure_data
                0x0000000020000098       0x4c C:/ST/STM32CubeIDE_1.13.1/STM32CubeIDE/plugins/com.st.stm32cube.ide.mcu.externaltools.gnu-tools-for-stm32.11.3.rel1.win32_1.1.0.202305231506/tools/bin/../lib/gcc/arm-none-eabi/11.3.1/../../../../arm-none-eabi/lib/thumb/v7e-m/nofp\libc_nano.a(libc_a-impure.o)
                0x0000000020000098                _impure_data
 .data._impure_ptr
                0x00000000200000e4        0x4 C:/ST/STM32CubeIDE_1.13.1/STM32CubeIDE/plugins/com.st.stm32cube.ide.mcu.externaltools.gnu-tools-for-stm32.11.3.rel1.win32_1.1.0.202305231506/tools/bin/../lib/gcc/arm-none-eabi/11.3.1/../../../../arm-none-eabi/lib/thumb/v7e-m/nofp\libc_nano.a(libc_a-impure.o)
                0x00000000200000e4                _impure_ptr
 *(.RamFunc)
 *(.RamFunc*)
                0x00000000200000e8                . = ALIGN (0x4)
                0x00000000200000e8                _edata = .

.igot.plt       0x00000000200000e8        0x0 load address 0x00000000080063bc
 .igot.plt      0x00000000200000e8        0x0 C:/ST/STM32CubeIDE_1.13.1/STM32CubeIDE/plugins/com.st.stm32cube.ide.mcu.externaltools.gnu-tools-for-stm32.11.3.rel1.win32_1.1.0.202305231506/tools/bin/../lib/gcc/arm-none-eabi/11.3.1/thumb/v7e-m/nofp/crtbegin.o
                0x00000000200000e8                . = ALIGN (0x4)

.bss            0x00000000200000e8      0x338 load address 0x00000000080063bc
                0x00000000200000e8                _sbss = .
                0x00000000200000e8                __bss_start__ = _sbss
 *(.bss)
 .bss           0x00000000200000e8       0x1c C:/ST/STM32CubeIDE_1.13.1/STM32CubeIDE/plugins/com.st.stm32cube.ide.mcu.externaltools.gnu-tools-for-stm32.11.3.rel1.win32_1.1.0.202305231506/tools/bin/../lib/gcc/arm-none-eabi/11.3.1/thumb/v7e-m/nofp/crtbegin.o
 *(.bss*)
 .bss.systemTicks
                0x0000000020000104        0x4 ./Common_Sources/os_port_none.o
                0x0000000020000104                systemTicks
 .bss.bootContext
                0x0000000020000108       0x54 ./Core/Src/main.o
                0x0000000020000108                bootContext
 .bss.bootSettings
                0x000000002000015c       0x18 ./Core/Src/main.o
                0x000000002000015c                bootSettings
 .bss.hrtc      0x0000000020000174       0x38 ./Core/Src/main.o
                0x0000000020000174                hrtc
 .bss.hspi2     0x00000000200001ac       0x64 ./Core/Src/main.o
                0x00000000200001ac                hspi2
 .bss.huart2    0x0000000020000210       0x94 ./Core/Src/main.o
                0x0000000020000210                huart2
 .bss.ledDelay  0x00000000200002a4        0x4 ./Core/Src/main.o
                0x00000000200002a4                ledDelay
 .bss.ledState  0x00000000200002a8        0x4 ./Core/Src/main.o
                0x00000000200002a8                ledState
 .bss.ledTimestamp
                0x00000000200002ac        0x4 ./Core/Src/main.o
                0x00000000200002ac                ledTimestamp
 .bss.__sbrk_heap_end
                0x00000000200002b0        0x4 ./Core/Src/sysmem.o
 .bss.selectedSlot.0
                0x00000000200002b4        0x4 ./CycloneBOOT_Sources/boot.o
 .bss.uwTick    0x00000000200002b8        0x4 ./Drivers/STM32WLxx_HAL_Driver/Src/stm32wlxx_hal.o
                0x00000000200002b8                uwTick
 .bss.pFlash    0x00000000200002bc       0x18 ./Drivers/STM32WLxx_HAL_Driver/Src/stm32wlxx_hal_flash.o
                0x00000000200002bc                pFlash
 .bss.__malloc_free_list
                0x00000000200002d4        0x4 C:/ST/STM32CubeIDE_1.13.1/STM32CubeIDE/plugins/com.st.stm32cube.ide.mcu.externaltools.gnu-tools-for-stm32.11.3.rel1.win32_1.1.0.202305231506/tools/bin/../lib/gcc/arm-none-eabi/11.3.1/../../../../arm-none-eabi/lib/thumb/v7e-m/nofp\libc_nano.a(libc_a-mallocr.o)
                0x00000000200002d4                __malloc_free_list
 .bss.__malloc_sbrk_start
                0x00000000200002d8        0x4 C:/ST/STM32CubeIDE_1.13.1/STM32CubeIDE/plugins/com.st.stm32cube.ide.mcu.externaltools.gnu-tools-for-stm32.11.3.rel1.win32_1.1.0.202305231506/tools/bin/../lib/gcc/arm-none-eabi/11.3.1/../../../../arm-none-eabi/lib/thumb/v7e-m/nofp\libc_nano.a(libc_a-mallocr.o)
                0x00000000200002d8                __malloc_sbrk_start
 .bss.__sf      0x00000000200002dc      0x138 C:/ST/STM32CubeIDE_1.13.1/STM32CubeIDE/plugins/com.st.stm32cube.ide.mcu.externaltools.gnu-tools-for-stm32.11.3.rel1.win32_1.1.0.202305231506/tools/bin/../lib/gcc/arm-none-eabi/11.3.1/../../../../arm-none-eabi/lib/thumb/v7e-m/nofp\libc_nano.a(libc_a-findfp.o)
                0x00000000200002dc                __sf
 .bss.__stdio_exit_handler
                0x0000000020000414        0x4 C:/ST/STM32CubeIDE_1.13.1/STM32CubeIDE/plugins/com.st.stm32cube.ide.mcu.externaltools.gnu-tools-for-stm32.11.3.rel1.win32_1.1.0.202305231506/tools/bin/../lib/gcc/arm-none-eabi/11.3.1/../../../../arm-none-eabi/lib/thumb/v7e-m/nofp\libc_nano.a(libc_a-findfp.o)
                0x0000000020000414                __stdio_exit_handler
 .bss.errno     0x0000000020000418        0x4 C:/ST/STM32CubeIDE_1.13.1/STM32CubeIDE/plugins/com.st.stm32cube.ide.mcu.externaltools.gnu-tools-for-stm32.11.3.rel1.win32_1.1.0.202305231506/tools/bin/../lib/gcc/arm-none-eabi/11.3.1/../../../../arm-none-eabi/lib/thumb/v7e-m/nofp\libc_nano.a(libc_a-reent.o)
                0x0000000020000418                errno
 .bss.__lock___malloc_recursive_mutex
                0x000000002000041c        0x1 C:/ST/STM32CubeIDE_1.13.1/STM32CubeIDE/plugins/com.st.stm32cube.ide.mcu.externaltools.gnu-tools-for-stm32.11.3.rel1.win32_1.1.0.202305231506/tools/bin/../lib/gcc/arm-none-eabi/11.3.1/../../../../arm-none-eabi/lib/thumb/v7e-m/nofp\libc_nano.a(libc_a-lock.o)
                0x000000002000041c                __lock___malloc_recursive_mutex
 .bss.__lock___sfp_recursive_mutex
                0x000000002000041d        0x1 C:/ST/STM32CubeIDE_1.13.1/STM32CubeIDE/plugins/com.st.stm32cube.ide.mcu.externaltools.gnu-tools-for-stm32.11.3.rel1.win32_1.1.0.202305231506/tools/bin/../lib/gcc/arm-none-eabi/11.3.1/../../../../arm-none-eabi/lib/thumb/v7e-m/nofp\libc_nano.a(libc_a-lock.o)
                0x000000002000041d                __lock___sfp_recursive_mutex
 *(COMMON)
                0x0000000020000420                . = ALIGN (0x4)
 *fill*         0x000000002000041e        0x2 
                0x0000000020000420                _ebss = .
                0x0000000020000420                __bss_end__ = _ebss

._user_heap_stack
                0x0000000020000420      0x600 load address 0x00000000080063bc
                0x0000000020000420                . = ALIGN (0x8)
                [!provide]                        PROVIDE (end = .)
                0x0000000020000420                PROVIDE (_end = .)
                0x0000000020000620                . = (. + _Min_Heap_Size)
 *fill*         0x0000000020000420      0x200 
                0x0000000020000a20                . = (. + _Min_Stack_Size)
 *fill*         0x0000000020000620      0x400 
                0x0000000020000a20                . = ALIGN (0x8)

.boot_mailbox
 *(.boot_mailbox)

/DISCARD/
 libc.a(*)
 libm.a(*)
 libgcc.a(*)

.ARM.attributes
                0x0000000000000000       0x2a
 *(.ARM.attributes)
 .ARM.attributes
                0x0000000000000000       0x1e C:/ST/STM32CubeIDE_1.13.1/STM32CubeIDE/plugins/com.st.stm32cube.ide.mcu.externaltools.gnu-tools-for-stm32.11.3.rel1.win32_1.1.0.202305231506/tools/bin/../lib/gcc/arm-none-eabi/11.3.1/thumb/v7e-m/nofp/crti.o
 .ARM.attributes
                0x000000000000001e       0x2e C:/ST/STM32CubeIDE_1.13.1/STM32CubeIDE/plugins/com.st.stm32cube.ide.mcu.externaltools.gnu-tools-for-stm32.11.3.rel1.win32_1.1.0.202305231506/tools/bin/../lib/gcc/arm-none-eabi/11.3.1/thumb/v7e-m/nofp/crtbegin.o
 .ARM.attributes
                0x000000000000004c       0x2e ./Common_Sources/os_port_none.o
 .ARM.attributes
                0x000000000000007a       0x2e ./Core/Src/main.o
 .ARM.attributes
                0x00000000000000a8       0x2e ./Core/Src/stm32wlxx_hal_msp.o
 .ARM.attributes
                0x00000000000000d6       0x2e ./Core/Src/stm32wlxx_it.o
 .ARM.attributes
                0x0000000000000104       0x2e ./Core/Src/syscalls.o
 .ARM.attributes
                0x0000000000000132       0x2e ./Core/Src/sysmem.o
 .ARM.attributes
                0x0000000000000160       0x2e ./Core/Src/system_stm32wlxx.o
 .ARM.attributes
                0x000000000000018e       0x21 ./Core/Startup/startup_stm32wle5jcix.o
 .ARM.attributes
                0x00000000000001af       0x2e ./CycloneBOOT_Sources/boot.o
 .ARM.attributes
                0x00000000000001dd       0x2e ./CycloneBOOT_Sources/boot_common.o
 .ARM.attributes
                0x000000000000020b       0x2e ./CycloneBOOT_Sources/boot_fallback.o
 .ARM.attributes
                0x0000000000000239       0x2e ./CycloneBOOT_Sources/crc32.o
 .ARM.attributes
                0x0000000000000267       0x2e ./CycloneBOOT_Sources/image.o
 .ARM.attributes
                0x0000000000000295       0x2e ./CycloneBOOT_Sources/slot.o
 .ARM.attributes
                0x00000000000002c3       0x2e ./CycloneBOOT_Sources/stm32wlxx_flash_driver.o
 .ARM.attributes
                0x00000000000002f1       0x2e ./CycloneBOOT_Sources/stm32wlxx_mcu_driver.o
 .ARM.attributes
                0x000000000000031f       0x2e ./CycloneBOOT_Sources/w25q80dv_flash_driver.o
 .ARM.attributes
                0x000000000000034d       0x2e ./Drivers/STM32WLxx_HAL_Driver/Src/stm32wlxx_hal.o
 .ARM.attributes
                0x000000000000037b       0x2e ./Drivers/STM32WLxx_HAL_Driver/Src/stm32wlxx_hal_cortex.o
 .ARM.attributes
                0x00000000000003a9       0x2e ./Drivers/STM32WLxx_HAL_Driver/Src/stm32wlxx_hal_dma.o
 .ARM.attributes
                0x00000000000003d7       0x2e ./Drivers/STM32WLxx_HAL_Driver/Src/stm32wlxx_hal_flash.o
 .ARM.attributes
                0x0000000000000405       0x2e ./Drivers/STM32WLxx_HAL_Driver/Src/stm32wlxx_hal_flash_ex.o
 .ARM.attributes
                0x0000000000000433       0x2e ./Drivers/STM32WLxx_HAL_Driver/Src/stm32wlxx_hal_gpio.o
 .ARM.attributes
                0x0000000000000461       0x2e ./Drivers/STM32WLxx_HAL_Driver/Src/stm32wlxx_hal_pwr.o
 .ARM.attributes
                0x000000000000048f       0x2e ./Drivers/STM32WLxx_HAL_Driver/Src/stm32wlxx_hal_pwr_ex.o
 .ARM.attributes
                0x00000000000004bd       0x2e ./Drivers/STM32WLxx_HAL_Driver/Src/stm32wlxx_hal_rcc.o
 .ARM.attributes
                0x00000000000004eb       0x2e ./Drivers/STM32WLxx_HAL_Driver/Src/stm32wlxx_hal_rcc_ex.o
 .ARM.attributes
                0x0000000000000519       0x2e ./Drivers/STM32WLxx_HAL_Driver/Src/stm32wlxx_hal_rtc.o
 .ARM.attributes
                0x0000000000000547       0x2e ./Drivers/STM32WLxx_HAL_Driver/Src/stm32wlxx_hal_spi.o
 .ARM.attributes
                0x0000000000000575       0x2e ./Drivers/STM32WLxx_HAL_Driver/Src/stm32wlxx_hal_uart.o
 .ARM.attributes
                0x00000000000005a3       0x2e ./Drivers/STM32WLxx_HAL_Driver/Src/stm32wlxx_hal_uart_ex.o
 .ARM.attributes
                0x00000000000005d1       0x2e ./FloodnetDriver/ExtFlash.o
 .ARM.attributes
                0x00000000000005ff       0x2e ./FloodnetDriver/Spi.o
 .ARM.attributes
                0x000000000000062d       0x2e C:/ST/STM32CubeIDE_1.13.1/STM32CubeIDE/plugins/com.st.stm32cube.ide.mcu.externaltools.gnu-tools-for-stm32.11.3.rel1.win32_1.1.0.202305231506/tools/bin/../lib/gcc/arm-none-eabi/11.3.1/../../../../arm-none-eabi/lib/thumb/v7e-m/nofp\libc_nano.a(libc_a-malloc.o)
 .ARM.attributes
                0x000000000000065b       0x2e C:/ST/STM32CubeIDE_1.13.1/STM32CubeIDE/plugins/com.st.stm32cube.ide.mcu.externaltools.gnu-tools-for-stm32.11.3.rel1.win32_1.1.0.202305231506/tools/bin/../lib/gcc/arm-none-eabi/11.3.1/../../../../arm-none-eabi/lib/thumb/v7e-m/nofp\libc_nano.a(libc_a-mallocr.o)
 .ARM.attributes
                0x0000000000000689       0x2e C:/ST/STM32CubeIDE_1.13.1/STM32CubeIDE/plugins/com.st.stm32cube.ide.mcu.externaltools.gnu-tools-for-stm32.11.3.rel1.win32_1.1.0.202305231506/tools/bin/../lib/gcc/arm-none-eabi/11.3.1/../../../../arm-none-eabi/lib/thumb/v7e-m/nofp\libc_nano.a(libc_a-mlock.o)
 .ARM.attributes
                0x00000000000006b7       0x2e C:/ST/STM32CubeIDE_1.13.1/STM32CubeIDE/plugins/com.st.stm32cube.ide.mcu.externaltools.gnu-tools-for-stm32.11.3.rel1.win32_1.1.0.202305231506/tools/bin/../lib/gcc/arm-none-eabi/11.3.1/../../../../arm-none-eabi/lib/thumb/v7e-m/nofp\libc_nano.a(libc_a-findfp.o)
 .ARM.attributes
                0x00000000000006e5       0x2e C:/ST/STM32CubeIDE_1.13.1/STM32CubeIDE/plugins/com.st.stm32cube.ide.mcu.externaltools.gnu-tools-for-stm32.11.3.rel1.win32_1.1.0.202305231506/tools/bin/../lib/gcc/arm-none-eabi/11.3.1/../../../../arm-none-eabi/lib/thumb/v7e-m/nofp\libc_nano.a(libc_a-fprintf.o)
 .ARM.attributes
                0x0000000000000713       0x2e C:/ST/STM32CubeIDE_1.13.1/STM32CubeIDE/plugins/com.st.stm32cube.ide.mcu.externaltools.gnu-tools-for-stm32.11.3.rel1.win32_1.1.0.202305231506/tools/bin/../lib/gcc/arm-none-eabi/11.3.1/../../../../arm-none-eabi/lib/thumb/v7e-m/nofp\libc_nano.a(libc_a-fwalk.o)
 .ARM.attributes
                0x0000000000000741       0x2e C:/ST/STM32CubeIDE_1.13.1/STM32CubeIDE/plugins/com.st.stm32cube.ide.mcu.externaltools.gnu-tools-for-stm32.11.3.rel1.win32_1.1.0.202305231506/tools/bin/../lib/gcc/arm-none-eabi/11.3.1/../../../../arm-none-eabi/lib/thumb/v7e-m/nofp\libc_nano.a(libc_a-fwrite.o)
 .ARM.attributes
                0x000000000000076f       0x2e C:/ST/STM32CubeIDE_1.13.1/STM32CubeIDE/plugins/com.st.stm32cube.ide.mcu.externaltools.gnu-tools-for-stm32.11.3.rel1.win32_1.1.0.202305231506/tools/bin/../lib/gcc/arm-none-eabi/11.3.1/../../../../arm-none-eabi/lib/thumb/v7e-m/nofp\libc_nano.a(libc_a-stdio.o)
 .ARM.attributes
                0x000000000000079d       0x2e C:/ST/STM32CubeIDE_1.13.1/STM32CubeIDE/plugins/com.st.stm32cube.ide.mcu.externaltools.gnu-tools-for-stm32.11.3.rel1.win32_1.1.0.202305231506/tools/bin/../lib/gcc/arm-none-eabi/11.3.1/../../../../arm-none-eabi/lib/thumb/v7e-m/nofp\libc_nano.a(libc_a-wbuf.o)
 .ARM.attributes
                0x00000000000007cb       0x2e C:/ST/STM32CubeIDE_1.13.1/STM32CubeIDE/plugins/com.st.stm32cube.ide.mcu.externaltools.gnu-tools-for-stm32.11.3.rel1.win32_1.1.0.202305231506/tools/bin/../lib/gcc/arm-none-eabi/11.3.1/../../../../arm-none-eabi/lib/thumb/v7e-m/nofp\libc_nano.a(libc_a-wsetup.o)
 .ARM.attributes
                0x00000000000007f9       0x2e C:/ST/STM32CubeIDE_1.13.1/STM32CubeIDE/plugins/com.st.stm32cube.ide.mcu.externaltools.gnu-tools-for-stm32.11.3.rel1.win32_1.1.0.202305231506/tools/bin/../lib/gcc/arm-none-eabi/11.3.1/../../../../arm-none-eabi/lib/thumb/v7e-m/nofp\libc_nano.a(libc_a-memcmp.o)
 .ARM.attributes
                0x0000000000000827       0x2e C:/ST/STM32CubeIDE_1.13.1/STM32CubeIDE/plugins/com.st.stm32cube.ide.mcu.externaltools.gnu-tools-for-stm32.11.3.rel1.win32_1.1.0.202305231506/tools/bin/../lib/gcc/arm-none-eabi/11.3.1/../../../../arm-none-eabi/lib/thumb/v7e-m/nofp\libc_nano.a(libc_a-memset.o)
 .ARM.attributes
                0x0000000000000855       0x2e C:/ST/STM32CubeIDE_1.13.1/STM32CubeIDE/plugins/com.st.stm32cube.ide.mcu.externaltools.gnu-tools-for-stm32.11.3.rel1.win32_1.1.0.202305231506/tools/bin/../lib/gcc/arm-none-eabi/11.3.1/../../../../arm-none-eabi/lib/thumb/v7e-m/nofp\libc_nano.a(libc_a-closer.o)
 .ARM.attributes
                0x0000000000000883       0x2e C:/ST/STM32CubeIDE_1.13.1/STM32CubeIDE/plugins/com.st.stm32cube.ide.mcu.externaltools.gnu-tools-for-stm32.11.3.rel1.win32_1.1.0.202305231506/tools/bin/../lib/gcc/arm-none-eabi/11.3.1/../../../../arm-none-eabi/lib/thumb/v7e-m/nofp\libc_nano.a(libc_a-reent.o)
 .ARM.attributes
                0x00000000000008b1       0x2e C:/ST/STM32CubeIDE_1.13.1/STM32CubeIDE/plugins/com.st.stm32cube.ide.mcu.externaltools.gnu-tools-for-stm32.11.3.rel1.win32_1.1.0.202305231506/tools/bin/../lib/gcc/arm-none-eabi/11.3.1/../../../../arm-none-eabi/lib/thumb/v7e-m/nofp\libc_nano.a(libc_a-impure.o)
 .ARM.attributes
                0x00000000000008df       0x2e C:/ST/STM32CubeIDE_1.13.1/STM32CubeIDE/plugins/com.st.stm32cube.ide.mcu.externaltools.gnu-tools-for-stm32.11.3.rel1.win32_1.1.0.202305231506/tools/bin/../lib/gcc/arm-none-eabi/11.3.1/../../../../arm-none-eabi/lib/thumb/v7e-m/nofp\libc_nano.a(libc_a-lseekr.o)
 .ARM.attributes
                0x000000000000090d       0x2e C:/ST/STM32CubeIDE_1.13.1/STM32CubeIDE/plugins/com.st.stm32cube.ide.mcu.externaltools.gnu-tools-for-stm32.11.3.rel1.win32_1.1.0.202305231506/tools/bin/../lib/gcc/arm-none-eabi/11.3.1/../../../../arm-none-eabi/lib/thumb/v7e-m/nofp\libc_nano.a(libc_a-readr.o)
 .ARM.attributes
                0x000000000000093b       0x2e C:/ST/STM32CubeIDE_1.13.1/STM32CubeIDE/plugins/com.st.stm32cube.ide.mcu.externaltools.gnu-tools-for-stm32.11.3.rel1.win32_1.1.0.202305231506/tools/bin/../lib/gcc/arm-none-eabi/11.3.1/../../../../arm-none-eabi/lib/thumb/v7e-m/nofp\libc_nano.a(libc_a-sbrkr.o)
 .ARM.attributes
                0x0000000000000969       0x2e C:/ST/STM32CubeIDE_1.13.1/STM32CubeIDE/plugins/com.st.stm32cube.ide.mcu.externaltools.gnu-tools-for-stm32.11.3.rel1.win32_1.1.0.202305231506/tools/bin/../lib/gcc/arm-none-eabi/11.3.1/../../../../arm-none-eabi/lib/thumb/v7e-m/nofp\libc_nano.a(libc_a-writer.o)
 .ARM.attributes
                0x0000000000000997       0x2e C:/ST/STM32CubeIDE_1.13.1/STM32CubeIDE/plugins/com.st.stm32cube.ide.mcu.externaltools.gnu-tools-for-stm32.11.3.rel1.win32_1.1.0.202305231506/tools/bin/../lib/gcc/arm-none-eabi/11.3.1/../../../../arm-none-eabi/lib/thumb/v7e-m/nofp\libc_nano.a(libc_a-errno.o)
 .ARM.attributes
                0x00000000000009c5       0x2e C:/ST/STM32CubeIDE_1.13.1/STM32CubeIDE/plugins/com.st.stm32cube.ide.mcu.externaltools.gnu-tools-for-stm32.11.3.rel1.win32_1.1.0.202305231506/tools/bin/../lib/gcc/arm-none-eabi/11.3.1/../../../../arm-none-eabi/lib/thumb/v7e-m/nofp\libc_nano.a(libc_a-init.o)
 .ARM.attributes
                0x00000000000009f3       0x2e C:/ST/STM32CubeIDE_1.13.1/STM32CubeIDE/plugins/com.st.stm32cube.ide.mcu.externaltools.gnu-tools-for-stm32.11.3.rel1.win32_1.1.0.202305231506/tools/bin/../lib/gcc/arm-none-eabi/11.3.1/../../../../arm-none-eabi/lib/thumb/v7e-m/nofp\libc_nano.a(libc_a-lock.o)
 .ARM.attributes
                0x0000000000000a21       0x2e C:/ST/STM32CubeIDE_1.13.1/STM32CubeIDE/plugins/com.st.stm32cube.ide.mcu.externaltools.gnu-tools-for-stm32.11.3.rel1.win32_1.1.0.202305231506/tools/bin/../lib/gcc/arm-none-eabi/11.3.1/../../../../arm-none-eabi/lib/thumb/v7e-m/nofp\libc_nano.a(libc_a-memcpy-stub.o)
 .ARM.attributes
                0x0000000000000a4f       0x2e C:/ST/STM32CubeIDE_1.13.1/STM32CubeIDE/plugins/com.st.stm32cube.ide.mcu.externaltools.gnu-tools-for-stm32.11.3.rel1.win32_1.1.0.202305231506/tools/bin/../lib/gcc/arm-none-eabi/11.3.1/../../../../arm-none-eabi/lib/thumb/v7e-m/nofp\libc_nano.a(libc_a-freer.o)
 .ARM.attributes
                0x0000000000000a7d       0x2e C:/ST/STM32CubeIDE_1.13.1/STM32CubeIDE/plugins/com.st.stm32cube.ide.mcu.externaltools.gnu-tools-for-stm32.11.3.rel1.win32_1.1.0.202305231506/tools/bin/../lib/gcc/arm-none-eabi/11.3.1/../../../../arm-none-eabi/lib/thumb/v7e-m/nofp\libc_nano.a(libc_a-nano-vfprintf.o)
 .ARM.attributes
                0x0000000000000aab       0x2e C:/ST/STM32CubeIDE_1.13.1/STM32CubeIDE/plugins/com.st.stm32cube.ide.mcu.externaltools.gnu-tools-for-stm32.11.3.rel1.win32_1.1.0.202305231506/tools/bin/../lib/gcc/arm-none-eabi/11.3.1/../../../../arm-none-eabi/lib/thumb/v7e-m/nofp\libc_nano.a(libc_a-nano-vfprintf_i.o)
 .ARM.attributes
                0x0000000000000ad9       0x2e C:/ST/STM32CubeIDE_1.13.1/STM32CubeIDE/plugins/com.st.stm32cube.ide.mcu.externaltools.gnu-tools-for-stm32.11.3.rel1.win32_1.1.0.202305231506/tools/bin/../lib/gcc/arm-none-eabi/11.3.1/../../../../arm-none-eabi/lib/thumb/v7e-m/nofp\libc_nano.a(libc_a-fflush.o)
 .ARM.attributes
                0x0000000000000b07       0x2e C:/ST/STM32CubeIDE_1.13.1/STM32CubeIDE/plugins/com.st.stm32cube.ide.mcu.externaltools.gnu-tools-for-stm32.11.3.rel1.win32_1.1.0.202305231506/tools/bin/../lib/gcc/arm-none-eabi/11.3.1/../../../../arm-none-eabi/lib/thumb/v7e-m/nofp\libc_nano.a(libc_a-makebuf.o)
 .ARM.attributes
                0x0000000000000b35       0x2e C:/ST/STM32CubeIDE_1.13.1/STM32CubeIDE/plugins/com.st.stm32cube.ide.mcu.externaltools.gnu-tools-for-stm32.11.3.rel1.win32_1.1.0.202305231506/tools/bin/../lib/gcc/arm-none-eabi/11.3.1/../../../../arm-none-eabi/lib/thumb/v7e-m/nofp\libc_nano.a(libc_a-fstatr.o)
 .ARM.attributes
                0x0000000000000b63       0x2e C:/ST/STM32CubeIDE_1.13.1/STM32CubeIDE/plugins/com.st.stm32cube.ide.mcu.externaltools.gnu-tools-for-stm32.11.3.rel1.win32_1.1.0.202305231506/tools/bin/../lib/gcc/arm-none-eabi/11.3.1/../../../../arm-none-eabi/lib/thumb/v7e-m/nofp\libc_nano.a(libc_a-isattyr.o)
 .ARM.attributes
                0x0000000000000b91       0x1c C:/ST/STM32CubeIDE_1.13.1/STM32CubeIDE/plugins/com.st.stm32cube.ide.mcu.externaltools.gnu-tools-for-stm32.11.3.rel1.win32_1.1.0.202305231506/tools/bin/../lib/gcc/arm-none-eabi/11.3.1/../../../../arm-none-eabi/lib/thumb/v7e-m/nofp\libc_nano.a(libc_a-memchr.o)
 .ARM.attributes
                0x0000000000000bad       0x1e C:/ST/STM32CubeIDE_1.13.1/STM32CubeIDE/plugins/com.st.stm32cube.ide.mcu.externaltools.gnu-tools-for-stm32.11.3.rel1.win32_1.1.0.202305231506/tools/bin/../lib/gcc/arm-none-eabi/11.3.1/thumb/v7e-m/nofp\libgcc.a(_aeabi_uldivmod.o)
 .ARM.attributes
                0x0000000000000bcb       0x2e C:/ST/STM32CubeIDE_1.13.1/STM32CubeIDE/plugins/com.st.stm32cube.ide.mcu.externaltools.gnu-tools-for-stm32.11.3.rel1.win32_1.1.0.202305231506/tools/bin/../lib/gcc/arm-none-eabi/11.3.1/thumb/v7e-m/nofp\libgcc.a(_udivmoddi4.o)
 .ARM.attributes
                0x0000000000000bf9       0x1e C:/ST/STM32CubeIDE_1.13.1/STM32CubeIDE/plugins/com.st.stm32cube.ide.mcu.externaltools.gnu-tools-for-stm32.11.3.rel1.win32_1.1.0.202305231506/tools/bin/../lib/gcc/arm-none-eabi/11.3.1/thumb/v7e-m/nofp\libgcc.a(_dvmd_tls.o)
 .ARM.attributes
                0x0000000000000c17       0x1e C:/ST/STM32CubeIDE_1.13.1/STM32CubeIDE/plugins/com.st.stm32cube.ide.mcu.externaltools.gnu-tools-for-stm32.11.3.rel1.win32_1.1.0.202305231506/tools/bin/../lib/gcc/arm-none-eabi/11.3.1/thumb/v7e-m/nofp/crtn.o
OUTPUT(micro_bootloader.elf elf32-littlearm)
LOAD linker stubs
LOAD C:/ST/STM32CubeIDE_1.13.1/STM32CubeIDE/plugins/com.st.stm32cube.ide.mcu.externaltools.gnu-tools-for-stm32.11.3.rel1.win32_1.1.0.202305231506/tools/bin/../lib/gcc/arm-none-eabi/11.3.1/../../../../arm-none-eabi/lib/thumb/v7e-m/nofp\libc.a
LOAD C:/ST/STM32CubeIDE_1.13.1/STM32CubeIDE/plugins/com.st.stm32cube.ide.mcu.externaltools.gnu-tools-for-stm32.11.3.rel1.win32_1.1.0.202305231506/tools/bin/../lib/gcc/arm-none-eabi/11.3.1/../../../../arm-none-eabi/lib/thumb/v7e-m/nofp\libm.a
LOAD C:/ST/STM32CubeIDE_1.13.1/STM32CubeIDE/plugins/com.st.stm32cube.ide.mcu.externaltools.gnu-tools-for-stm32.11.3.rel1.win32_1.1.0.202305231506/tools/bin/../lib/gcc/arm-none-eabi/11.3.1/thumb/v7e-m/nofp\libgcc.a

.comment        0x0000000000000000       0x43
 .comment       0x0000000000000000       0x43 C:/ST/STM32CubeIDE_1.13.1/STM32CubeIDE/plugins/com.st.stm32cube.ide.mcu.externaltools.gnu-tools-for-stm32.11.3.rel1.win32_1.1.0.202305231506/tools/bin/../lib/gcc/arm-none-eabi/11.3.1/thumb/v7e-m/nofp/crtbegin.o
                                         0x44 (size before relaxing)
 .comment       0x0000000000000043       0x44 ./Common_Sources/os_port_none.o
 .comment       0x0000000000000043       0x44 ./Core/Src/main.o
 .comment       0x0000000000000043       0x44 ./Core/Src/stm32wlxx_hal_msp.o
 .comment       0x0000000000000043       0x44 ./Core/Src/stm32wlxx_it.o
 .comment       0x0000000000000043       0x44 ./Core/Src/syscalls.o
 .comment       0x0000000000000043       0x44 ./Core/Src/sysmem.o
 .comment       0x0000000000000043       0x44 ./Core/Src/system_stm32wlxx.o
 .comment       0x0000000000000043       0x44 ./CycloneBOOT_Sources/boot.o
 .comment       0x0000000000000043       0x44 ./CycloneBOOT_Sources/boot_common.o
 .comment       0x0000000000000043       0x44 ./CycloneBOOT_Sources/boot_fallback.o
 .comment       0x0000000000000043       0x44 ./CycloneBOOT_Sources/crc32.o
 .comment       0x0000000000000043       0x44 ./CycloneBOOT_Sources/image.o
 .comment       0x0000000000000043       0x44 ./CycloneBOOT_Sources/slot.o
 .comment       0x0000000000000043       0x44 ./CycloneBOOT_Sources/stm32wlxx_flash_driver.o
 .comment       0x0000000000000043       0x44 ./CycloneBOOT_Sources/stm32wlxx_mcu_driver.o
 .comment       0x0000000000000043       0x44 ./CycloneBOOT_Sources/w25q80dv_flash_driver.o
 .comment       0x0000000000000043       0x44 ./Drivers/STM32WLxx_HAL_Driver/Src/stm32wlxx_hal.o
 .comment       0x0000000000000043       0x44 ./Drivers/STM32WLxx_HAL_Driver/Src/stm32wlxx_hal_cortex.o
 .comment       0x0000000000000043       0x44 ./Drivers/STM32WLxx_HAL_Driver/Src/stm32wlxx_hal_dma.o
 .comment       0x0000000000000043       0x44 ./Drivers/STM32WLxx_HAL_Driver/Src/stm32wlxx_hal_flash.o