C:/Users/adino/Downloads/2023_06_23_P_LOGIC_CycloneBOOT_Implementation/FLOODNET-Flood-Sensor-CycloneBOOT-Y-Modem/Oryx/cyclone_boot/drivers/flash/external/w25q80dv_flash_driver.c:86:9:w25q80dvFlashDriverInit	16	static
C:/Users/adino/Downloads/2023_06_23_P_LOGIC_CycloneBOOT_Implementation/FLOODNET-Flood-Sensor-CycloneBOOT-Y-Modem/Oryx/cyclone_boot/drivers/flash/external/w25q80dv_flash_driver.c:111:9:w25q80dvFlashDriverGetInfo	16	static
C:/Users/adino/Downloads/2023_06_23_P_LOGIC_CycloneBOOT_Implementation/FLOODNET-Flood-Sensor-CycloneBOOT-Y-Modem/Oryx/cyclone_boot/drivers/flash/external/w25q80dv_flash_driver.c:127:9:w25q80dvFlashDriverGetStatus	24	static
C:/Users/adino/Downloads/2023_06_23_P_LOGIC_CycloneBOOT_Implementation/FLOODNET-Flood-Sensor-CycloneBOOT-Y-Modem/Oryx/cyclone_boot/drivers/flash/external/w25q80dv_flash_driver.c:164:9:w25q80dvFlashDriverWrite	40	static
C:/Users/adino/Downloads/2023_06_23_P_LOGIC_CycloneBOOT_Implementation/FLOODNET-Flood-Sensor-CycloneBOOT-Y-Modem/Oryx/cyclone_boot/drivers/flash/external/w25q80dv_flash_driver.c:230:9:w25q80dvFlashDriverRead	32	static
C:/Users/adino/Downloads/2023_06_23_P_LOGIC_CycloneBOOT_Implementation/FLOODNET-Flood-Sensor-CycloneBOOT-Y-Modem/Oryx/cyclone_boot/drivers/flash/external/w25q80dv_flash_driver.c:261:9:w25q80dvFlashDriverErase	24	static
C:/Users/adino/Downloads/2023_06_23_P_LOGIC_CycloneBOOT_Implementation/FLOODNET-Flood-Sensor-CycloneBOOT-Y-Modem/Oryx/cyclone_boot/drivers/flash/external/w25q80dv_flash_driver.c:305:8:w25q80dvFlashDriverIsSectorAddr	16	static
