../Drivers/STM32WLxx_HAL_Driver/Inc/stm32wlxx_ll_bus.h:449:22:LL_AHB2_GRP1_EnableClock	24	static
../Drivers/STM32WLxx_HAL_Driver/Inc/stm32wlxx_ll_bus.h:1303:22:LL_APB2_GRP1_EnableClock	24	static
../Drivers/STM32WLxx_HAL_Driver/Inc/stm32wlxx_ll_bus.h:1351:22:LL_APB2_GRP1_DisableClock	16	static
../Core/Src/adc.c:28:17:ReadADCChannel	32	static
../Core/Src/adc.c:55:10:AdcRead_VBatt	8	static
../Core/Src/adc.c:67:6:MX_ADC_Init	8	static
../Core/Src/adc.c:109:6:HAL_ADC_MspInit	40	static
../Core/Src/adc.c:136:6:HAL_ADC_MspDeInit	16	static
../Core/Src/adc.c:159:20:Get_AdcHandle	4	static
