../Drivers/STM32WLxx_HAL_Driver/Inc/stm32wlxx_ll_bus.h:449:22:LL_AHB2_GRP1_EnableClock	24	static
../Drivers/STM32WLxx_HAL_Driver/Inc/stm32wlxx_ll_bus.h:914:22:LL_APB1_GRP1_EnableClock	24	static
../Drivers/STM32WLxx_HAL_Driver/Inc/stm32wlxx_ll_bus.h:1018:22:LL_APB1_GRP1_DisableClock	16	static
../Core/Src/spi.c:30:6:MX_SPI2_Init	8	static
../Core/Src/spi.c:64:6:HAL_SPI_MspInit	96	static
../Core/Src/spi.c:114:6:HAL_SPI_MspDeInit	16	static
../Core/Src/spi.c:141:6:Spi1_AssertCs	8	static
../Core/Src/spi.c:147:6:Spi1_DeassertCs	8	static
../Core/Src/spi.c:153:6:Spi1_Transmit	24	static
../Core/Src/spi.c:164:6:Spi1_Receive	24	static
../Core/Src/spi.c:175:6:Spi1_TransmitReceive	40	static
../Core/Src/spi.c:186:6:SPI_WriteByte	24	static
../Core/Src/spi.c:203:6:SPI_WriteByte_OneByteAddr	24	static
../Core/Src/spi.c:224:9:SPI_ReadByte	24	static
../Core/Src/spi.c:243:9:SPI_ReadByte_OneByteAddr	24	static
../Core/Src/spi.c:262:6:SPI_WriteArray	32	static
../Core/Src/spi.c:277:6:SPI_ReadArray	32	static
../Core/Src/spi.c:292:6:Error_Spi	4	static
