C:/Users/prane/OneDrive/Documents/GitHub/flood-sensor/CylconeBoot_Implementation/FLOODNET-Flood-Sensor-CycloneBOOT-Y-Modem/lora-e5/Drivers/CMSIS/Include/core_cm4.h:1933:34:__NVIC_SystemReset	4	static,ignoring_inline_asm
C:/Users/prane/OneDrive/Documents/GitHub/flood-sensor/CylconeBoot_Implementation/FLOODNET-Flood-Sensor-CycloneBOOT-Y-Modem/lora-e5/Drivers/STM32WLxx_HAL_Driver/Inc/stm32wlxx_ll_pwr.h:2196:22:LL_PWR_ClearFlag_C1STOP_C1STB	4	static
C:/Users/prane/OneDrive/Documents/GitHub/flood-sensor/CylconeBoot_Implementation/FLOODNET-Flood-Sensor-CycloneBOOT-Y-Modem/lora-e5/Drivers/STM32WLxx_HAL_Driver/Inc/stm32wlxx_ll_bus.h:489:22:LL_AHB2_GRP1_DisableClock	16	static
../FloodnetDriver/DeviceCommands.c:19:6:commandOK	16	static
../FloodnetDriver/DeviceCommands.c:23:6:commandReadDeviceId	96	static
../FloodnetDriver/DeviceCommands.c:47:6:commandReadDeviceBattery	16	static
../FloodnetDriver/DeviceCommands.c:56:6:commandGetDistance	16	static
../FloodnetDriver/DeviceCommands.c:64:6:commandGetVersion	16	static
../FloodnetDriver/DeviceCommands.c:71:6:commandReboot	16	static
../FloodnetDriver/DeviceCommands.c:76:6:commandSleep	40	static
../FloodnetDriver/DeviceCommands.c:114:6:commandInvalid	16	static
