../FloodnetDriver/ExtFlash.c:56:6:Flash__Init	16	static
../FloodnetDriver/ExtFlash.c:82:6:Flash__SpiWrite	16	static
../FloodnetDriver/ExtFlash.c:92:15:Flash__SpiRead	16	static
../FloodnetDriver/ExtFlash.c:104:6:Flash__WriteEnable	8	static
../FloodnetDriver/ExtFlash.c:125:6:Flash__GetJEDEC_ID	24	static
../FloodnetDriver/ExtFlash.c:148:9:Flash__ReadDeviceStatus1	16	static
../FloodnetDriver/ExtFlash.c:168:9:Flash__ReadDeviceStatus2	16	static
../FloodnetDriver/ExtFlash.c:188:10:Flash__ReadDeviceStatus	24	static
../FloodnetDriver/ExtFlash.c:204:9:Flash__ReadByte	24	static
../FloodnetDriver/ExtFlash.c:239:6:Flash__ReadBuffer	40	static
../FloodnetDriver/ExtFlash.c:274:6:flashWaitWhileBusy	16	static
../FloodnetDriver/ExtFlash.c:300:6:Flash__PageProgram	24	static
../FloodnetDriver/ExtFlash.c:346:6:Flash__SectorErase4k	16	static
../FloodnetDriver/ExtFlash.c:379:6:Flash__BlockErase32k	16	static
../FloodnetDriver/ExtFlash.c:412:6:Flash__BlockErase64k	16	static
../FloodnetDriver/ExtFlash.c:444:6:Flash__ChipErase	8	static
../FloodnetDriver/ExtFlash.c:467:6:Flash__PowerDown	8	static
../FloodnetDriver/ExtFlash.c:481:6:Flash__WakeUp	8	static
